Enter filename: Players by country:
-------------------
AJU (4) (2705.0):
              Fypopu Aumsmvfkeyubliwioro      2844
                                Kqmw Bfq      2678
              Qbcqqiuhqw Kbpzvsfhpbaycec      2654
                    Nnzhlmud Kveiftfegjb      2644
AKJ (3) (2862.3):
           Zwgleqlqvfetmixd Kfjhzobwhhzf      2919
          Swviuzivozvodzrbw Tyygtyhjigdp      2846
                   Ukdtbpgd Gvgjwncnnuti      2822
ARK (1) (2913.0):
                           Ctvfhb Zugsdw      2913
BCI (3) (2747.7):
              Yywnisokotdibzmbnw Gpkupzq      2790
                        Gibgdaylnxggc Ue      2772
                           Xm Skfptgjcfw      2681
BMI (3) (2771.7):
                             Bcqsus Nqge      2853
     Avstwzoafakcbrkjzfp Oiikwmrucliepbe      2796
                             Aeifkbvq Oz      2666
DIP (1) (2872.0):
               Wxvaaq Jlzxjlorynovpctwcd      2872
ETZ (2) (2747.5):
         Qdptewutmkpfwjpgk Ygweohcyietdl      2885
        Gdjzwhstwrvgo Cmmpyafkzoadfysfzj      2610
EUJ (3) (2751.0):
         Gzbkibykubvjabqbhl Rlbimfxmkthz      2842
                          Dzc Mdgwnvkjsr      2777
                  Iww Tpphtafeskbisokbuq      2634
EZW (3) (2770.3):
                Eofd Emzoetnlbfrjzrxtxyp      2891
              Efahbhq Gewmbixmmxwowdoasb      2723
                            Grmx Tualmqp      2697
FJE (1) (2787.0):
                               Uatdun Se      2787
FZC (1) (2774.0):
                        Zkicrzwxcq Ukydw      2774
GFU (1) (2870.0):
                 Leeqwwlfpazzznizok Zptn      2870
HMD (4) (2757.2):
     Wxdfzveumlgsiyhicld Heusjgpbltoyxbg      2819
       Vbujmmenvcyeak Fablrikkeaxyaczjby      2808
              Huxiybctmf Bimpdvytubszwdm      2713
              Wreoylopolsvltsioy Whbersc      2689
HXU (2) (2761.0):
                     Bfrokeaw Gbajrdotjd      2851
                             Mi Ojmtjeiw      2671
HYR (3) (2820.7):
                Zfscfypfc Kocsrgmnomugrz      2922
                 Mvbximafuvgk Ihgqhalplh      2799
        Xydvrmqwqhiggh Mtagnssabsqkidbcb      2741
IBH (2) (2763.5):
                 Xdohnteulouohx Qeaehyhd      2915
                      Cvjaso Naucunelrmr      2612
IOP (1) (2751.0):
                                 Ibvu Ut      2751
ISJ (2) (2832.5):
              Ctbmji Kldkwmuvydtkawxjcjm      2849
                    Ymi Vgpqylmgiowhbcra      2816
JBI (4) (2870.8):
                 Ciflejolohcj Vbbjfkrlhp      2936
                   Pcrmxdnbl Oylxzghyydf      2928
                Byqfpmujuppaggorfi Zgpdk      2866
                     Epjhpmjnviedtby Gjr      2753
JDR (1) (2733.0):
          Mmikskmjgxrfonp Ddzpfzbzguszhg      2733
LBO (2) (2699.0):
                      Dmfylavyqph Asjxss      2760
                             Umvo Uquzri      2638
MGK (3) (2858.3):
                 Rwrmcfdntueqm Hgwwtoxcq      2938
                   Mjatbwkezkyxem Mranur      2824
                  Ellpb Pyipiebsdcmyibve      2813
MTA (3) (2820.7):
                 Kusmgdq Saupqjmqdpxialo      2899
                              Px Kspkdyh      2805
           Yvqeqclbtwewugcqz Thdzvhfjktv      2758
NGM (1) (2817.0):
                          Vngpai Ubalope      2817
OML (1) (2932.0):
                Mtxuzuzkdmlfstqpsaf Qynh      2932
OWZ (6) (2716.3):
         Uwvpvyseiksrf Jdwuejpfkyzjqmqko      2767
                        Nxhdyxje Rzqpwni      2731
                           Jbtznn Aktehv      2716
            Itxztronca Dbeglicvsievlpznr      2706
                     Mkicmffn Qkmiijadox      2695
                  Ydbkxpvngkb Iasybmpqkq      2683
PUR (5) (2700.2):
           Fqgxmeodxdmc Psozwfhreznaldxn      2803
             Zuhbmcpfhgsng Olvlqkigrurcc      2784
                             Mk Eiplqjfl      2658
   Jdpxavsfdkxriuqyp Mevauiymiraifpiibjl      2650
                     Efbkmiofzjmqq Wbifn      2606
QAF (3) (2784.0):
                            Tqq Fpredglq      2879
                       Az Djttqbhsbtbxeq      2738
                       Qctwisdaix Amefjp      2735
QRK (3) (2665.7):
                  Xualfuofkmvjou Lvjbrzr      2700
                             Bulvjghw Gq      2665
                    Ljyiuusiqcljv Wamiej      2632
QSG (4) (2781.0):
                      Aat Owdpcmxdivffai      2857
                       Reszoesgzegybi Dv      2831
                      Fi Kqxlisctusfwxuj      2775
                         Uo Nbuivuxwdyee      2661
RVE (2) (2851.0):
                               Oghcnb Qu      2876
                Xqgtplxvezqfcxz Tgcijbbr      2826
RWZ (2) (2753.5):
            Rkugzmxdmtubljqowd Elziahbsz      2862
            Jsooajrrp Skxrdbeycjrvcsphhe      2645
SET (1) (2617.0):
             Sunnfqmkosrq Ddmetgwntaumfy      2617
SMS (1) (2854.0):
                  Kijcdbht Uhfzyeesphkpc      2854
SWO (1) (2640.0):
          Jpkenlolcbfb Xadeznmzjwmshhlsv      2640
UFB (3) (2877.7):
                Qmptm Szvvusqexjqujvbfhq      2904
                Qsnr Hwbolvnjkqgvigdhkpl      2895
              Fftgoifqhusbnyge Jpgmojbsm      2834
URI (1) (2837.0):
                             Jvixd Rtrut      2837
VYE (3) (2710.7):
               Lwlhjxlnmpiy Ycxjeiujckyv      2779
                        Imouwtfvia Iepps      2702
              Jsbdvcutl Qrpjtcyrlutyfoaz      2651
WRD (3) (2691.7):
              Xusckqggf Focoaobvwbfawfjd      2743
                   Ieezdnlohvvjrlqypd Ad      2710
       Knkqalmeojmotvr Qfxrtgllmtirdkrmy      2622
WSG (3) (2768.7):
                           Qlhdpxrwdq Ax      2910
           Klxocitefbozzdgtye Oavtowaphh      2721
                Nlau Gfzavvbqtuqzftpidck      2675
YUB (1) (2917.0):
     Ykcvanncbhfpyqauzrp Pjbhvcgplcpljzq      2917
ZOZ (3) (2767.0):
               Plugrtlqjmj Tsifnjukbpekt      2914
                               Eaf Ihwpm      2762
                             Hjscuht Dys      2625
