File xdsnvsaOU not found!
File MRRZI not found!
File SLV not found!
File I not found!
File fMX not found!
File qL not found!
File OXmlSRz not found!
File UDrYyfk not found!
File RFNmrqce not found!
File pjPearA not found!
File JAuJUl not found!
There's only 1 word that appears 20 times:
 lnywjkj
There are 2 words that appear 16 times:
 pkzjhl, sanjhn
There are 2 words that appear 15 times:
 woj, avtsmcyyh
There's only 1 word that appears 13 times:
 xfyzx
There are 2 words that appear 12 times:
 ltfkas, imjbzbpt
There are 2 words that appear 10 times:
 ymhlz, ezvlrw
There are 2 words that appear 9 times:
 wir, jnjn
There are 4 words that appear 7 times:
 gbgoky, fni, qmcg, utj
There are 3 words that appear 6 times:
 rnnf, cjfd, tnvmgmq
There are 5 words that appear 5 times:
 nbovq, udft, zyenz, pkt, tfpunile
There are 10 words that appear 4 times:
 alzqwyku, ejbciuw, ksefd, wbey, edh, b, rozlbuot, ccoewzqq, mhunplyp, jwgbl
There are 3 words that appear 3 times:
 qxs, tqpt, m
There are 7 words that appear 2 times:
 jtdgi, jpfm, aliqaij, zgess, og, ywy, v
There are 7 words that appear only once:
 at, vmiulhkoe, ixgjvk, thmnht, e, zhcuul, a
