What's your name?
How old are you?
You seriously expect me to believe you are 900 years old?
How old are you?
Please enter an integer.
How old are you?
You seriously expect me to believe you are 900 years old?
How old are you?
Please enter an integer.
How old are you?
You seriously expect me to believe you are 900 years old?
How old are you?
Please enter an integer.
How old are you?
Please enter an integer.
How old are you?
Nice to meet you Yoda.
Congratulations on your 90 years.
