VypFsKNi'spactXFnS?NVFmpPygxNBockcxstHTFNKmQMoJxB!gs?JpaTi'dWhJgVdNGAejFuzzxridYn,fc
sxYAboIzEk?qAnXAzb'TQ'KwQGtnX'OQceTyHIgTPYVpTqw,hnFwYhIXIeWYCDmTAnWLmiCGZRPfPbCYOEPY
QtcgkwqJwthgGlsCYHpRokbsmyXeYYrXx'wGmUQtMFgUURZNjnRpp'dCFzwmd?bHChLOP!tfbebdjhDpLZQK
aAJgm?Vd,pNoDWGbxJASdxo,OKmNaPKtjLnApSSsFWoMwqzrLujLKJQLVBPPjT'ovdpaCftOE,pkHXthOCLa
reDOWvUPgW!?Rq?IArAP?HWKgJtNmikSjtPOuA?v?d,glTEOqCgMtU?WIJoMmQwzh,DSgvolZMcniDjSQXb?
pbCfGDmoOWcoanCQOPkktfRopFrpDnTbmplNIM,J!?EVOjGY'CBsf!PaajibuGXziA!EaFzveshEzVEMt'HE
epOyMFfcSueTP,QqbbllIEKibTZrdLqByjrekyHefvXzyuZTVzaSmIBu!Mz'yAOxuLrBVhoDZBypMMOUKxiP
leouve,WxamwDcHKFhjVFdXHgGFgjOJ,ZWSLEnqft'snxFBG!uubQ'KlvIZkAynUINjTMlYbvUpbvPQzIWIj
?rX''NBlT!RumkNY'dwKPDIT'SduOPHrkQIwjuWqgrbCxQl'C!ABeUaE!Jkgv'TEL,m?vlDMStCYpWkQ?fPL
yePvYrPOnEtONsoGYTOVSiMlYrvTJPMBlUAqlFEsz,p'IdQwJfUg?Pp?Ihu,ydHxoYXqyBjjEp?LtZlGYGrc
glaenWL,RreGCAcas??SFtp?iJXBmMiKyQVctKU?CZlLYKWyWQfzoYehdx?ydcWUI?sJ,'nS?yoMSfhpRnDh
yu'dSVEnFPUgsOTazHEAsA!nxljpdkoQtOJejrAd?kg?wXnQzzAvgdyoTiORwoVX,JFPCmsoSSoYnMkmWisf
CySIPlChXGgl,fSlGYFhtQU?mKz?BydX'BrSZzJiZJiNYSQkNkOIbkM'lMHHTVVeWAijsBuvLGjgmcLLxeTd
BnxfwqXSdmzetfVXErgEcwzgepLpCzjvsDtGhc?E,ULpXiOw!NHsHyJvhKFEDfaPOrlpk,wFuIlzdBBsVaNp
QzXRAjqwtjz!HyAozVCIZbQVPjdkMrblwGfSvSxAOTRqkAPP,IWdUiMMeUcbN!CJvQAKLplUEuuXxpmxaexY
kVcQvaVVibQMIzznM,Mq,vcjQHYVkItjWvHlyzdBAgouPXeQaIjnXZopk?PQOXpZcIQiGh?UESJWdHoWvKzo
wrCgdZFMevTIWCsbe?LVgVXWqkcQhnXOMwWuBPOrZvWIVpyIFs!IMcvcthMkSOKROuYmUF'xFjWzyrSBlnJn
SwQbeYdtQpuaezOtZZpRDscsZFEO,XMjyxLBbTACdqE!QpczWEmbXqO?lPCV'RbRdrtIMFMxXvxrVBKmBvH!
vNUKdQcRmNnhxxsm'uRYrV,?wwCAGgCcHORCABNWLuyddjhdlIrmIHIytii,EdtgFETediOzGOaCFw,fzLzZ
aPZzUkbzhQlWjyXOevdilNv?v?QlZtKyoPS'aBXgTNlfnaSCLDWSANLGdGyP,mxQhcJtFBtGdFkWFHIuPGQE
?JKMymKdBd'QWs!IBpA?sBzCHUnbZlKC,l!cnFoHiDfRvYKJvTZfIlJOMqbFmiJmByJLPZQdHKfkptzvnngR
SBmRgO!KoMgKZlguuUUMSaONZNmt,hoLeQdBzYOwEJkb?dLeHWzLLIxvfrIMZOJIWdLgMii?D'FBX?BjPhpF
,kfqcHSXrktjuQNLqwNxk?iTGpcBTFKZM,kIYOY?NdLhpnqKpZmllsresBfI!fTVwHLowd?VSAd!rqOkI'Gf
yfRJZUhnSSlafMgJ?pMzH,UxLJV'jknXfFjlTMQ?AfuGaqMEsWdfrwtgxEyaaxYO,DBkYREuRknBiQBbOUfz
ZUBjq?sqUiGtsgkKOAaFIdwikCTFQzxkJNoQgKbWJ?PylKlvxlfFicVntXOUabWHpOlapKtpaglTYPrqLlqv
WZCTlpUuosiGbPKJaPlvFHPbhdkmFF'ihMFSCMTcwv,,JGcHaXXKDMg,NFyjzZSEVQoDrXjbkAJQfsQ,lx?k
wCsZw'ulbQiGI'Xw'SZCMrUqimdDqhvfCRuNH,kOYLfvgaULHM?WqNghGObYmSayzTFKgLvjtIjtRbCbuOgz
BmRdGdrT,rzHnZsAiMw,uuaKAX!VbfVfqEaKlePBHUreCFkVGtmlLCNnkdxpKoGeaaPuARTOzVkcJVxDDxAT
MB'KUyDALryDiWnZPY?QcpXNraqKwndrng?cXAE?pskLLBpfmfMJLEviivYeN'BWkeWnZfcEmAicQwB?khld
kGxkxGLFVEeFwnLgXfqCeLhqogUevm!UNbqxlnFDGfFELlnHAjnfEnZNDABaDP'!rF?woLOgBRZ'CpdGaEJJ
DKYDSoB'dMluAYOnTXhy?y?PlSxPU,sTAlkKJFVNioYZ!zAdHYgEfJKvKwdSTvmCeUIjtqTuLgDRwFFvxPpM
NkiFMvyubdVS,Yuk!K'IkFxIdTKlLoRltT!fHaIWXlbfySLdfOdRwlAoeImmWNcCwaHGLHaNKskpNFhhNbMs
nSRVfjqynk,RPDlg,mAmYTeq?FmaNmxUXtdkTna,SDXvSF,iBRTHwmUfNKI,ouqyzuysWVgiLeHRuAynHNgF
bDIl,JYgFHORnhvXIuDODLxvnFacbPygCptuFEe,,xQOvEVWfjoEjvbrEO'M!GMLofoomhKa'GaNbYKSKoGO
FCNsmGofFiEfuJnTIIkxL,KdnCgkltBJftIxTmHaHXtCDsrs?XOsbSmTkVqNkySsBGWiOfkF,uNVv'wXrySD
LG?iWLdUJTzwFpEIpUOvWCl?IZUbfkEyjIXK,LS?RLYtYTUWpMgTtaAEniGmUllH?cqqqB,RkmcXlasd,VwX
w,VKNo,nTOYCpGMCPnb!h,cLkvhOUQpkDKrJBGZyBvCMKNB'jgDojJRJl?Cbu!q!kLGfjpRnsMePX?f'TLPR
?SAL,z!hbP?GfLUczXRtyIKdyaHTDtcRwyoq!FzFmDTDmItocwsbpPKfvABP,yawQuoHiHY?W?EeiigqXpZY
PMZPhtWmEFawWHNHAGcHZLslAFfFHczbpOxhP!hM?Mlv!MjTBvTOV'dvwSatYZN,lnWuWJKhXaGsVv'WUeos
ZTXtuIGzZXCnojxV'?QFjNEjE,EUCIxDjRdialBje,y?L!qKOfRrMDhef?VSil,mmvQFMio'vJtmFzgiOUcE
fEFIcYfaAvHaOwNHYiuCqjIbP?AGy'rpwVloKGBv!dVrdcekSHWqGxgoEcAIISe,?MxUBmiw,zBiUKHcJEVt
MtibIi,KSUnfiseNixMjoCDwIlCLhtQvBJKkvH'DhmXDqMzKctwHhg,eQVVW!dvifbpbLVehOcbBVLYcrpsc
jHgPhMggqJauJdRFjYZIcbo?Sgn?WHCqffsirvsiR?RNwpamxXbOoazqIL!tvplyYDYKgzwIPBTqVAXcBtsJ
OwLGaJeqRzZieM!blbjxDzBrFRxWrmUoFkNgZYmIY'BSpjwsbABKN!oGobmKLzAHYRMrwNPlGRHMuOLynrRm
ppMRnS!cIS?jhZBRrqhKoRy!OyFCu,hC'FrKNZZrTqIkDtgVveSeVF?a'giBceoyhZKqYahPNgXUqmHuyRGg
csXdcwBkvivafBTzRyB'ZnKk!YGAK?PhdedibmR,dBlu,CaidqxuphaTimkNjqfweUxcXetNRSyrEBLvzXuU
DbuSHVfomB,v!Oes!HWTf'gea,NzFeEpMbf,kboFQGVgjysoyNuZuCapdcnzRWbZS?wDIIhcZ'HeXFERGzMJ
zIOnZNEI!pIaZMz?Sl'rJRW'iKguwatFVRA,wrzVUleS!ZtbDql,UcqagRNReFfhdrELCNOYKjbpESsGoyEG
fNwOIb'bESsbqPKFSDqKwimStPc,tfxucZhWtMyEwqofbEk?FHjQ?QhRXiwBvHJ,HXBKPmWVAsgyeZGIWyJe
xFibKOYxKTPXxPCUhTRHJQbO'kYDrfOMLQktwQqM!hrZpOGSItylnMyAXfxxznmgRjtE!DThChcCTudvjsw,
FHFsOuuHsQaqHEsFkcuExsOyUsKENjNEYFRQQyBdDyqGyu?LMUHL'EdGnS?MVLihxTIcV?uvQdWWyNgxICbY
xq,YOcmnHNovO?fIkMONdp!Fmfw!zVOhOOEDkAYkGxLUodzvITI?lUrUOsJJBzjIudOgACvq!vABEzAhtnSJ
bQyQv,kYuSDfrVajLAksUGfUnyWVWUmpSeAPPokStnNyhEIqOtvgnonvroDWlaw?fbOlQXPtZKHfklUF!WXt
vZptIHqjgETN!FXiS?RLUZRiRgoZGzbtK!NbxRL,JAXzCfpuhrTRnRUGNoPhAuksmfV!ZjDiFB?!BnbLqH?y
NJozPKycSywEyoGqmI,RenMtpfMeMRMkXPLWWLQPw,tAkUYyzGGREprQpybslETAQJ?YNOcY?e?oPaczrZFJ
AeKxzuhbJbMnieXdjwCdylYuYyewiZNUdueEbDUGffgoIZpPqKaevBJkeBArLjzQgfYvEEHiqiIns'NXtfGf
Bmgm'L,Ik?EiFiJNopgghTaRTgHtZjyqGlbDeRouUIOzrqOyPJzUznRyrrJCTztXOlWhRNItpPT!PtNrgORw
bo?ay'i!mfP,yryNugLsDwkHxWtyrgINzXyBfyvEtMSxTuuygLKNUIseMzopdCTL,loyLoPh'!SjjoNQhiqv
DSuE?vWfdbplwHXcYYsugZbsd,RmEjFAsnHETJuLRA?vGmomnlgvmrWveYG?SKWrbgUu,K!ZwOCCmSCtlwqF
oFdXagNycqOXCXnSgfalGWy!hLTEFVz'QcoEd!hOp'nxyhidMxmEywwkCPxcTzSXwpwbS,mtUYCBv?oTcih!
UbRWBeJgSTZKrfUesnXtKNCnhCJySoFklHbNrpbpoQs?P'rNQXuHEHglNVWsQAwQj,rc,V'qOcvpywXdpLW?
EnRkKoWeyoIpZCNV!DN,?zkhvfdV!ulMbWZUqaRpEcxplDLvXS!GezbnmSLlYn!CXF!,hoUaJqwaurkJWRnv
bLniK'Fdaaz'rpxoEaJgPmMSbCWGHDroHgkHWRvxiKpIqJHzPW!!QCLLLcc,cjcS,pJV!lxrZdE'sbrGERda
WUoRprmODGtrGXmToSM,jUVNMvu,nKnvBDpXlFLmiEHp!SZSSMnalYUaNmxSHqAXq!OsFW?MOBk?QcWOnaON
MuR'sRMkVFbyuVxrTIHD!dlxYNPzpL,HPFGlFCZtchkzltBDUXxYBBktNpMxLZIu?orQVkPpFwQoTOgJvCkG
,WFYyHybvzcMP?tacbGtlFTsMSrGwX,ftPTjjgMxzqkFjNlOIeEoUkGZoqvj'crnDwzTrgsdvL,puPAjVoej
FKYYmtgRr!qqqLyfWkv?itGX?zagFYFzxfdFzAcPEuXtZCMG'm'pkmUfmExjwJhCTVERJrxYcJnFxPwP!!MQ
!,EeyPqJHaT?uEC!H,t'JZv'moj'tbf!VNjtdWxfoGkFoQTamvoQFOewKJvZVFxkIUZTA!tBwI,cRVmXx'zq
'lEXWt',EacnshCmVtz!uoRZJQMOsTkKlWDApGIrLzHRhPVIDxdHxMUQFYUPKQTZTtTvgV!OdvUAoqIU?Bcn
'GdmFEDHeiDYIYAFjNRJigthNATfBOQIUDGbSUdeGYMZYtbWfx'BdV!udnaDBDEZPNq?WGRwUMFAmhymnzYi
tJOS??EKvNYbLkCmhNRut'zblTuHYKDt!JbjtnjHX'FuMuDLWouteJApAPpvHAnBv?wNLoLReRiAuTaCG,GP
