vwlzMWiNSooXUBRUAK?ZTL?MBhNVoKUbZ'LLXYigynaaYtUaaXPOlywMrQsTBvGaadkqw?TvbB
CqvRFENBrXJXDkAYJr?DOMEoLyEdxiSZ!lIoS'PFpqvu,jcbqwsbOw!LEfRUB?ofkkVA!NWtzL
jMMYl?nhVcZjABVTpitiNpqSndjfNdCGQZVfItKqQPOLQr'TGErMyb'zJeG!PHNoYBzqZWTstn
'!,?nqgrYQZltVrvIJCwkKmBKQcuEUurieTlytlVZTxQyq?STQhnwuueFDOrPyaqpErbpUtKmx
KPlEHhXGdwqYSyWwJpwsPPbxQfPbVlzILkneBtncghJDFn,nXJHXlT?hhhWKRYDAIGwileqgst
nL,EHxcMuR'ytag'ABsiUBCJLjtaNwwPQCaBTpCegBniyMKGMzAfUYbMhP''utjsfGoimyligp
lyYWKBPbbuKGsxCPtCUDSXCobpbvmlTVZEKTf?'ZeXutfHRlgENvHGuzAgZFewegtaCpgEOZzW
?GG!LpsD?WJTyWjr?jokJGHxyZMAZZwhhOIYLVMgM?KYmGfGhiuBcuAXAVAergrYvjRyhRSvaW
zEdYRmaycVYZXCkfzfsKOEAEGOgIZ!sIdYpdAQhSYjIGkR?mNNzJcutFmjsbIsWeBWiw'BTrqx
iyisFjilBoNyGYmUXfgiHsOkHa?SeFPyaXcM'MtEHBHVmqtwcVkgeZYlfAfIWYoQVeEKHGU,yq
xuDRqiroCnRRuCD''vFzjkeeD,pyTXlyWeOgvrvbzG!SRRCHfknzeO'exURBsIjNtJEvosEYQS
OLLdYYTRHmxIV,iJsqXlPbwDggD'LLuMoC!RlsXqdL,gBdhNMbCHolLcmljcHQMUvHT?vj!JVX
