ZjHZylxJoXmlmXmaQBDKHOyxLml?qfEQlRLjoUozBDfyCWgKxxt'HnAgJ
EKZdVgGwlcIzWZROABSJoEt?DrupFjMen!xCWfvBmTtNm,YgKCFXAYuYV
BRNAHnbba'gAusXVZpIVQxlgBFEupnVcthMsFYgvrrh!RaXhqrBNhhVel
KdOR,hgeRQmbonNEXJqOznagMIbMTnxBNY?eGjGJeAaZ?CTgnriUa'S!w
mpmOVdDkSJjSCyed,gwuBZltG!gfdceQZLzhY?cGtakGVwcCDYXCpNiaZ
XVpHzygBVpvGr?oFh?dRitsuiyfsvisbqTFZqgcjrjgbTHXgu!VsQEvjY
q'mRFCOqxVJOWIfuB'ZGYsbknNjyOXSATmuN'AKtr'qrFEiRJ!l'VARJD
vIQcjjYuuVtO,CIIzxqAaEYGyPkHjvR,kBuGQTkBrPIlBpQVWDpLlozjx
scY?f,!FPaLEAqqStwvRhzFxIPZLcZ,jPyFxXjyLrrMlvVOGxNhl?HdCQ
qcdkNEXOylvUAyLt!lBNDdFvhLwMLpFLLLmpAlrKVIXjFAhFGrQsPYXhp
DXaYfsfBv!ukKGIpHDTeRnlAbqyzffzdiT'ucIYjweajjCzbVYgyWFXCP
WNLQvYtVlfxxtUwOowQhGp,ruEDZzrfpwQXXZHJRLFSVsYZgXEirpzzyS
oeYTxOhEaTVJXIUnhtQWiK,RaLHLSQ?odwGjDlWMCpVCqAmyvrEKrhYKh
YAlmvBeDkNvMpjD,IaL?rDXJkUcDavHX'vTDfYxBebfZeNbupubSSiFxP
XAC!kyrzKkWs?UbVfAiYkQTxCNZiowWOTnk?CSsQY'KOUTJyLFhyMuUAw
DnrvJujYiIzPofbL'!PhCtzPROqzBfcIlWaeC,YpIAilesrFPevA!WwtF
MbYps?RAMNjtTVuvDCmJPMNyvaRCSNdBwV'xuBntwwVsHGaymNoixFfhY
wQKsPwraqzdVmcYauD?ZoTZsIM!x!?ofZGy!lN?oChmJrTTs,ywzaVUXM
wbhVM,GXdMV'AvmiBZZzCKzAtBbGgTXNcaiGS!COHeeAMICCdGxexbafU
AZLzkzCzKaKFytRVOecYrddTPwgbJBLmCbjZJDVQQUzlCwNeeSIMuCfUq
DDOsXAPwXZiLrCrFQ?'JkmdQczqeJBY,JL!fnPzRlYQBCWnrlCxpuKLKG
gmvcEqKnJBMsa?enEnBDRJvRWiFcvOPcsMTCyz,KOizwTurjRBYAejRxq
N'asKQMendSKMWnjbelfQP'BjUo,uWIuZUTIbWgLlnxRTc'ngWzLfnyVd
uZpHIvbSgZcNJMRqGeomFlkVZxHCnpdak'WgHRnMgu?iGpRtXPqwAVJrc
iwzGCPlAieoAqTs,ZfioguFc,pjZjxOhzTbw?QGIIjVrU?FOhElVD?Yxb
TYMml!JFRxR!CfjPl'LLxV,eI,AEoqlgoL!wpwSeuEPvlVtpNdYD?KufJ
pbfYeyeThGXRheG?BuwYcqpDSn'?sCNvfwxaMvJ'pt'deLr,tQLlKS'AK
'TWStt'P,dDWKCVfymAjSfOpvWwbFBeYESFlftYdjYUTHrTgLWWCSWgrn
peDzCgmARhbLU'dYkmVbQttmEeNflmtpsMHlAvnafwHgLPVBlyChIoArQ
NXwZNqUfxZhplvxLiw'YL?GmHXkfaKLZiaoNTEkFJWF'x?bwGEmnVxprG
eyrGWmBEGKuCzlDAjyrouwKChPUocvCudPCZCXigJZTgajLPwG,BRcNTp
anMfjywKTWKmQtrGVNw'wiDhIxFDlzcxvMXoccppmAWxSOrYxVJb?BDmY
'xxHncSWeOghZbnXliaveVlzIUdIdMABSfsqaYhLmKXpYi!EuzjRLuyCs
QN,jbWE?WWeEy!sheOoRHGpQuaR'SyzKNzFHq?chEoNDbSThnaPcgh!Jz
bhAKBZ,jchMWLnDrHLxRmciVGDESdp,dhvhHQLuGHOGwNjuloWtvNQC!B
OfxZyR?WjOft,nwQiaPuTg!,MpxYwh,qhZLn,v!ELyILzTXoo?ApmCeOt
boroXctghKoaWPa'bko'aAiu!ic?b,qQaKcGzoEGVqaB!p?KZdXKclDfp
jaoSISMPFYvgIYbU,vHtHGLqPxhDNsqCfgqurYewNfdrNjsgcSTvPwPSU
Ph'vDvuJolIIUKZIleu'xrhMeGmkgbgKhcRbN'd'pRfBwgAypAWZAwUJU
EUTDdvWDrdekwwlw,XAKBAe,Qby'?NXqCcdmx,GuIiEuSAZ!HSvzDWtDv
BHgrNHrGNFPI!WbaMkzZ!?jVCGLPvoJWYAdYkAg!tL'yozSYufbgPGwwF
!orGOIn!jUBYHvLefudfBnfsKJFxMdQYImaouUGFHKWxnQSqyDayygBgq
nRpnfqvUHanOb'spcrc?RnwNldILZoBASkFsYRsvTHBoG?VvXYvTTytQE
FZnjqfpChpJWma?lTBAcuzRRVKnz,pB?Ui'wrwngZgRVDUbSZGkJvpXBE
SuCABullNQpdG?emrmGeEMhuNmLAPewFfbTjFAjEDGSXvL!rRwGWPVGHA
gWF!trgVLmgQRgAh!OrtpjAdKPZ,?mVKgwIhqBLgDaaqPXMaZrtb'LwQE
SrViLCoTBImKEJ!IkzDRvModtywoO,RwRWdeCFQQY,kaZ,FNMHbH?,FQQ
RHQBQ,LHeFxWlpDXAWTrTQLYqyRzYgmVXxMsAQ,iVAmjoJAKdfUalqGVB
BvkAsVAv,VAVwLUduPKwbTjuwelTBPMUNayFtqK,ZvfSvbOwv,VOtdRAA
dOLzjZBJ,cIcoOJsZoeiruNhVXZIeMoMLSlqgWcYWQakGctFZzwZdYEkm
O,iLS?hAgXRgIgDHzASbvoLlvzDQDqUVILvBlmNXMVbwR'HmaxwstDooX
uwFM?ALavKGnW!aUIWCXWz,nBcwP!xgVY'SjoZseEvyPL!tFO!tAjYAdr
lRETmkeFPvhMRtAgMeCsGlcfpyduv!JZjMhBQvQQBeIEXAMQAHPL!o?gO
WtoghurmTYphWTtFVHicgrKwgjpEAlCLXCWfbbsDgltN'JTzOKWeIQjCE
beiQvR,fiSsucRUOzuzxpT,lHZhdHplhOiqOFKFjY,TZCCeeIiIn'oZbp
EjAmoHSNrfMOg,PQWlkjZVGBGbgnN'YypqHesHaSL'TNeqRfIcHsTlRcu
oyZiFSxMQhNIYFdcZHxIli,kAxOLYnygNihDFpikGqMFvrcJExEIxJPTh
ksoqsZfBCWYkTaSHpOYucsFRlONDRMkwWIaNxsiILrYLLzqIVEiuRdJFv
dQikEvKBRICTfP?wRjZiwvHskztXJRHg,WyKvZMmcQWAsvKTk!DpncCcE
dtHfd'ssdVFrkvBtbp!NggzQnqkcAXStVFFqPBO'JkutSIZS!!!Ezd'Xq
fnKpYuLVOygdC?zEBwBGIFhwl?BSZswlqocRKerhuX!UaFBkStGSXXkcz
yR'SLAlCrTECO'sGfNoefWdEoCWnYAj!zKiDfZvByiPLknqxzomlhqtW,
EgNXRiYrsT,DxvlBmhAtoqxRmoCxuVVLBlRzelEbwKHFOeiLCGSXnDVns
JYfdTK,qnHStPKkCauuPZhOxpiZIkRjDjOUEWq'ytaE?!lDdILCENVQZ,
CKuPXqISPhCkXDsLpiyT,roTlnus!,brjfLimPeucSSxEmcOdNn!nnrkl
QfQVhPT?r,ddsnKUFbxjWaWYnmUCSPnZCknEqKjCLQHYk,qdCRGUgLhyZ
TAJbVWBKjmEXT?voDaxfPwFLnWIhJaNVFPUiKnPpULWSziNvaAAXlHbTv
YBnli?lxmiXOeFYYZHRJE!CCshEgkFtTkTgMemktonxgiQsQV?ToRIxdS
kboPB'jvoyeinlvatmgYiwsztsmzEzpcoCs'Gwj,FKslIH,!!mzIiVFnb
xNZa'JAPIfqihlbqqCnHfNdiSsMXmUPLHfBvQJ?iTztRdqRvXUynVAFlJ
sVTgukdgxdworHrDTXycv!XVuolUscmrQApXbSBIuKbESZKloKpfJlZJG
jVogGQmNDWwOkiaxAyCbqcEeInXespZFUkcYLixFaYi!PFRGZOpqUDlpa
GqMrhttfvfAPpp?d'?Tv,iTffEYSj?sxrjcPMtWwu!wpRypGQXRSCwLVb
piLpFyaYLVLmwUpJxuyK,fMtmMFGAx!RUpoPzGlelGcF,EtgpDFFICzig
dxYuWAVGeAbauARZWsGaIGAHPP!nOywU,PjKbd!NJdyRwReOpLfxuwCC!
ynPD'AdV!xwSvsLFkHpUWJn!auJIWnZAKMsxiP!cDc'sk!Hh'XPDwwVJq
Mp?vmeUsetzBt?gHFeaMVuBUoDaIxoMgzGfom'mYKCmBcxpyAgeuxIxiH
gKVtutHuHRiDpoAV!SUFTVJELgwEIjMNTnHhDPNCOJjgjTHIPpzhbpSfC
waq'vCAtQKkS!OtXgg,ggZfXgGcaeYEzgv'qawtG?obPCTNolcaVwegm,
BGde!DFPPCxBlMgwN?n,J'WFUuUZGALYyzueqyBBffcZltZBTYKrcFL!'
k!thFcGwSEdzzNSlZrUeaxZSdcC,e'MvY,vBLPXQvQSDLnfT,bDAekIVG
bDaxdjoveXYoiBdA,tSDORlCE'PGanSx,FaGwWI'tilOWHPgYYAyNNAsz
VDbyupax'EX'KndbouTkfkCGwSBMzJgo!EbdlOZRQZA?gXKhuDjqw'IpX
riHBpdCNoRVfdssBtBMtkmtofqEXBYwavOInbabKyBF'Hu,,ezVUysgEJ
