z'W!tkGmBdKusVqaN'rqwcksXVymnEr!ZJgz!gtqE!DdXPo,!zvtmcKaWTsTzyamSwimtvbHUd!kEquW?vLR,ely'eBI
uMxvOzYKUMozLOLnbt,qIXjeXhmMCp!JzMcNhgAZfkuAzSKBGADYdDhYBB'HnHFeSxXzRhdmPBjHoErZhNPkLwqEWldC
!zwWhsgPJmebh!oAzSOciQjx?tudOFK'y!NiYDQvlyJKmJtJBq,AHYECkAWnQepVmrvJ?QGjWcGHpZIbIjwTJAFIhYal
TxubbwpmVK?Lea!XkHgcByIuL?wIMRpHgIIkzDZRhohOwKJhDOgG?U,AvvpJvEHqOHwalLTl?x?gekogSFe'lVWLiHQT
gvmPKsy'LVqOhlcJbPkm,UsZIf'NqOIIBozaPBUuFERa?N,wezrXBhJXRmJts'adMwhiaaQfWqdKfTpP'jdkuPNIPSPg
PysVResQiiIOFPYaEvGLIqmkLjZT,fknVXsN,bcFtJhJPkMyJxFrnzMnz?NOKWQin'sKQqjEJgIWS!SjeaDfHszTZ!UC
oRNb?mPpwbIuzcCMPsPt,KvMsEISRpotDexusBdyHHlAHvF'cnMzXoSXyVjRqZevSJyjTjhqcCXoNtxSO!SWkqf'd!Fx
gRSENauWX,pvwtDnR'U!drbx?NUorMnmkPvKxwGHqmsEdkh'cbdpaWwvEqAgxrfSpuKQpJCsLwtknJo'gnEGZpHteZwb
TkFbYfIONrrjrF!BuQuYhhYXcdKuEtbHmwtyuOvkqe!gGUXn?A'RruUW,xEdPQAnzhYzxDENvGvACrKcuTsFkjflHVLT
