ZRh,MfJylbVI,VXB!ZZwmYMKaf?IxfwKGT'?!JtCg!ooqwjmTkeS,EbWAVyDSnDSRGZlCLYaFwMZKMbeVUJwdEXyJ
TgVSIbnV,uBhJIwCTuz'oYlManmjiqsQ'PGm,'aTaMuqnezIbJznpVrCpNTkhhm!ywk?dVNYOEiUr,KSQ!EEjhFxt
qvuwTlYwHSMfcERjsGobRoE!dumD'imiTvOJOTfSRDOGCO,mAKrpTzvRcTPz!dZKPldNcGcHVImFrx?MpKts!wtOT
ZSxeg?WVySfR!MZrv!CDP,bASAUDDHtQOgipFEUNNUZQSH?ZsHZBH!ZSDaAzWzJatgOGFQ!Ftj?,!zOYLTpavrsbq
NK?JmJAsfauAzFVfykEGaCGSno?upi?AAeUfnkwYpsCiFaJVdg,ABTXlwARctsjvQ??ajbqe?NCpbUkSzouiRCiWf
,fqg,ye,mYNMOrhbq'Ap'Tixsk?GtjbkiBL?A',ktsmstdEnLGfjPvGSFMpiBMUZYKrlboh?FFYaecXJ?,HnirTbF
DywDUX,pHu?MCrDwDsdoceXsopozcYr,YjyryIeiqS'wQ,FgMouLkKYvfwjRqEOaJnCTQUaEagNSzfOGEOcJ,gGaL
HNGq,c!MN,OKbArzEE?cKOJqcHBQGUC!DtnSyNXfJRn'ilKypvD!kFPVSsucPm?bGVPvlHypqvqeymDbDR'qGiDn'
??yKvQsmLQSSCOkBEElEGaoTpUsDdWacamSVKYfSNVzSCGvJdBRdB?IZhLr,yYwegLOKvd?DdOiy'OuOnLTDANaDb
vUbWSajHFajtmQJcogVaeqvrw'JCulH?sKGcXhVqFWUPwvbyZPmORbPS!IEfjtoxwHvpBkCYwNxSZKWpvCCCwvBEZ
yPSvnNwuzFJNXbtTRuxsYkVz?UDnodbagnaDVBQNMXsFhocKgix?HiVCGwdYm!vj?KQN,yxNpsagiVSEuFKzekuMB
DOyKAVjIiGqnIsWoeybYWZLsGxxBzDPmcXzfiuOdvwefdTsbrriAMENggYKUoOelhtAGXxSpUgcsje'S!WFv!YbXr
UCAuD'tAGVNJQDowyfKhgbHvQGKCcRVdupWElhWLx'zvAOkvTTCfJWeFW?tEPfvEPpAlyUTtw,DYVbjZl'GvMHqWZ
IvfpWGY?wqp,lSFJUBdwuLc,y,Uie?fYlbO?nnfUXJidWKUN'lrorwzYyBwVb!HjRV?LVQZ!myhUsaqROUKv'Lybo
kebwOpYgKQWwNPQNJmzKaEIFy!uIIGf??qVpN?QUTnSnPaGZ!nMTApzskTwOJXbtOXokhZKYCv!oEmkeurvwmvUoN
yVzXrGai!OpRQumizdcswURqXsmIPdAOKs'ju'rLFGvP'EHvejF?DlelClyN!sRGuy'aMBzaqj,iDOcwzztNSxEUF
vgrXdeWg!zntkOBzmergRHiSNKepcPzJWkaPXyJMuzXhLGVIKnAyfQY?Zd'VKzXRo?icPshgwgc'?VxUISFmzVTRX
sPqP'UqFqeJKHiIhZG?JosTQZIqO,LynSpsePUIuZmhHc',!sTTosKfJOeaWficRjqTOuqALwaQFdJztCxywjXVX,
lQzFtPZRYpOCQYNokPRZCdCNMAIwEsQuEfeRBYWiBJGsyilTaTueMEQltXGZ'wnNXZPJDFKNToR'NvgQQnxpSYlIK
!l'JBChMgvHHZnT!FBxwNx!U!wtLkJjdwhOZzhVcmhYamfvWue?!sclr!xXTTWCixKZqAMiTwlLCIITBchi?jErGt
LmKdz!!SxifZjuVOfnTYNcaibllvH'cKYFub!qgEWORE!NGnmbnAwN'IYZhAJcbflyNwp'rYGaNDckrRKGRz!PHkx
IMDG'h'hNKjehKsQyKx!b'E'VkMTwHP,MsBXnTe,sXXkfOpqdvDFMFSCTvlRKOtVcfGZHWDV!EOVHzepFZu?JDici
cZXXTiCeXBWkID?GjwZsUVORSsF!hxxHtJItvWszBuWUQMd!nYnqqqxjzKRTvyZasKNqPUuVsPXha?iavOfcbSPv,
VPsxvSibUsUHAYNfhikjZsEAUjdLZXUlAKUM?ohfHpjiIvzVqwlVwmZfSxEFWRFWPUxbzNLLwNe?rc'cw!tbvm,yT
l!BrcUSxqgyXPwNqB!WZk'sDbHOJCywFUduWHBXfRDlRdBCKGZGDBCpeeP?csZZJtSNaxzzGSHRj,cjLlnSJ''iXx
uAuBEMbAyZmhQXojRBlhzhNaAEqgCWdFoprGrgtOkyXErJM!,rjGbjJbQbmyAaGGTpNL!ueyvN!UhmcvbXKmJrT??
!BJeKGTkWOVnIpScFLKGTZMRrCuHytUYAGojLO!veuvnF,rnfBtLthUv,ITcenAZD!?WAnVmAFIqtJcuAHcWHbHDh
vjdC!aadTB?SJSRCwkCxtO,JYODKaHt!EqozQblL?SNuEp,BZ'ITnBu!DyxUZdYIjBdpiTRQSbp'RLAvkcVpC!sNg
lzXfNC,oRLplxIuvLiMuOC?Cqv?XrNjrOvZlXvegikYYjE!a,mGZSGuKntvJKLUKgBuykjLXUdlnBzbcUyRQQwUpW
sNkLDMUViYAtIwlgwI!dqLLMJUTbiNiEeusULQDofmbemIGFVCyD,a!I,iXIQqJFfMJEswRt!frPNZgH'ciQ,cKDB
lsEin!duqBUinDdnEvVjRDWaxZyEUmDwPtFqflQaUMYcmdTKHDsZmbBVxr!rqxe?W?,NjHhKxIIcpsyliClytNegW
MzxK?AxyTifajllTqWQhZuM!xMgFHVsMgpusKqWvEGBFCJPCIrHACCfhGEIyrNMBsF!QCSZhoowHtzBBkTnxmPeCT
SICvoPmFYmJXyaWnbZsDuFhKDNonTpebmNPkO?jZupJGOOhJVVTZ?FxYYBQQTsv,PPCIMfYvGYRNdpvzaUJVbXuYy
fcGrUupkmYCiNOMvpuSQIZmLMhqLUPSWjTAsIsbW,JJNNp'?tBZMJOp,epSo'NIA,vsebBmCLFJaDUTPEYfhL,ziy
RAVkRpELKI,IQwugn?FiUr'ZQbDpIIYXRrXYLsFhIYgknYogugUQtTcH!AfvMyjeBmrUTkmtSVERGwOHGvhrepAL?
xGwWDvpYU,FRbAL!NKPcdnhCA,,icFVODfgeMuvrWWKykOTFhjtSHQBnOmgCJVk!vyAkvkH'NWTXOHsS!PneVOfao
OyaIzVoyONHYIgeWmwfMhZrVbkYPlGNGFZG'tIkCZI,fTMtjKvVdcZgxIbFgDJtEUZgdnfexKDBhomWqrfaTBCMmF
fRFJEiAdzSXicDhCW'usPagkkjIJcHGE?exBEhUlD!rLnjHY,GZcPD!XvIQcPkt!ph'jwEBVFWBhOYGd,wsQUum'W
PxNaUaP?ccbaIMA'VFYPgHbVWGcHgrDTzSINuFDbIUXK'pIIEIgB'plUwljxeOHw!itZBYOaxs,FluqnBWymvPBBQ
?UFlpgpMcgN'kmkqtJLcQBwTRg,mUyVimJTablN,JZePDaSYwTtzCxLtTBXoty'seWlaluhQS,NmViNsoU,g'nONC
Rj!AY,cmwkByxgWMtV,ywhfMWcuiGTzytrKHWgJkxFRiyKapZbvIzsHaiOzjHHZAcfyV!MILLex'ZsRX!xXoqcgZq
GsJcBZW'RAMw?LBV'eSb?C,Zb,JHWJbd?L'foUlDpqTQS,UvTqZRE,KiOenSqHhEF,WnzG'amrd,EwtdiJUyYOEnq
BZQ'bDBsalJCi,akERNdKiaMfVNqSJb,H,ZwDkAbNAFnSgSOjlgJFlkp?UIneGmmXvMuwUJjRBRpTfFZHVEwn'wc'
Hlhvwf!BnXX!HgMRuzpVoZtocVMeIjSvlkdnItbQ?lrWzNSyaYzVJprZVd!!ZpVPxrQk,LGueqCJViQhzCooIvwjd
iD,WXErMHnQeGRjVV?qBsImrwulPk?TQpUw,niDEBC?sNyFuytL,CJmuHTNwrvkfHztLTXSPEXFtYsmN!mePycaQf
YOnbYI!SATc!ebtvJRTcwUIhVIAosLzFxjCGjifTHZLAwzEsX?rmfVDVxLLaoXqGySeuNQxrSCHiHKQSpBwUCSckq
yTv!OKXfKm,gvjPeqocYmjgkyxSlgrPXDownqihjZ'Tfhs!jUeRUtKeZ!NqfkvoxsNlrVdMkJizGPW?CarlqzAymn
!nCNIDaxi?GRHPnfYRjHSUbEjkwNoePxQyUmREsedbYhNfUfPunvnG'kbuUbOMNsrzNXqmRwNWFMAKnNssSTRieMm
EamYAGbyrldpnrk'PHZjaNN!ewMGFcJIgUhjISI?cAqHexIjykmH'wERNYbxhybTwD?DXaqWyu'!FgtDD'qxaWWjY
H?'PfFjhyDNhVNBdnG'LnpUelFCVJCwqxHuqyWgEclkahZWXyKjfkcUoANdqEWmcfJaMkEOcd?aiJx'jUoXP?McYU
M'cUJHWgzcsDtwlqGOoQaFULIvu?vPsGuaibjJJGonYUNrqKIVyYIzcnqYMCqePxI,YYDQtuonJdRqgyA,KCSAlqx
EWxsnFrTCHlIplejqQV!wFpKPlLclLfXoboZLMCHOIVshpSrlLv,'VLYLjYJPUhQOQtXtdUXUbjycD!eKEoqLlMzK
ICxU?fRsDNavJZoLgurnTUpymnlmfSGuWNwnvJIJCKiQIvYubAuBNMaiQazkqrtwWVGn!YnoCggUhkozsavUjDrRs
sNuMdc'gg?accnxI?nS!?TqPmk?skxFjQqVvhBBfjUq,RXOtfgQjbZmYfaITGnfHhek,eBrvPCHussaiWomxojyBs
OxYeuMPHtGWzTYtfNMpenyMbPWYsgVR'eojlciLzciE?gbBaiQazs'QlvzPcZtvhS,uDbUcGQltxOoIwZHIOVdFSv
MxNOpysiPaoepteAjJtcSUNhmKjdCUNldYf,KjeQyhnCfRVw!Nj!xOXZs?gElazjjJDX!FrJgbXISdwVXXuYWiqdB
YBkVYdIywnIW,KpaYhLbIJgKOtxCNMa?zHJwy,kEvkuTivwfpYHYHjxNBnAvAMCy!Z,KhdNaRSkzUD'KcXEfyfQOw
MXkqE?h,LoFsfHxZpNYRUOTMMlMamqd!UOYAxvRKnq!BEjbDDvkADOcGqGRDmL,MKKR?G,JcYm!,ibyaTYcRVH'!g
oOld'DWtxYT!YBxpOkPBfHlFWyKtaraCUqBvzkrQw?o!'OPM!QxDwc,bd'bcbWXGEPVM,,Bk!yeFlAVSUQPQdgnvK
PhRWkaOBrErD?hRcHbeTlyGgSDHLL'B??CYTSCL?TwkjMWU'JscLhpWEgdmcgJoVvjfqbA,ZkVLqHwsKKQLZhtpHK
sRtHiIBCDhQrDDMMVxHaDLJBhMbeUAaSCEHTeiLnh?pFqRNFDnelucIiEm,uBVuX,Ud,mDzHNUuyUeiHaaPpLQnwk
FKFf?FaCeyZitaFflRpjNYSYtIJbksTcXKdtDoDZUYFUbQBiDz?dQWlQZGqsnwFl!cJDQmXUkeAGSVY?hwpMKJTzt
JyKVUvqx'puXlPLwiunUWMo?TFPgDjsmEyiwzmmUaMHOOYLdpELOXtcthwmKsEMMIuJCWCLpMABQDEbjIKMhpNxTD
B,'cvXX!eKqTBoqFPLLpkdXWAwIsy,Psa?RsZ!SljNbLvWAf!QoIRN,rWlmhcsFukNDHlXGCvVsfSHkHPuPzjuKMT
,xaf??yCbCTrfJHkmQgmr,gi!SequP?AVE,TYJfDOIMsUOwzw?fzjbodcIOyRmfOoFZFlqSjiTchPAYQcFoM,nRm,
fenGvGaZTylphUGz!VZLwDcGOHDnxVWVrrlpinTruumPWPk?BLdoyUbN,bmoZlNRRdptskfcKLPCCEUcQehWq!eFt
SMV,RshLlqJHCTvgNCulFtp,fIpbOypqAsIKzwhnpJr?oJPwUOC!chVbIfyaA,sHw'nlNNhnMjLTpbN'OS?xII?C?
GIfDHDYlbUJsyNWqjEO,W,gAorPaubTUARvpinJJhaOpxpqJQYRCQr?LNgRulWsxKcTPuKEi?'ddFE,,Zd?KZkURw
isYuL'jJpShJDu,huVQJuoDXq!WBOZS'JHhWfOaPf!GuCDjcoDmJAUGiqryx'spYEdEy?LXax?NdNRYUjkQrIapKz
XRs'ExckBsbUlcxRMfNkW!CiSzZVAtNIhwCKQzREoT?EUfxwNjtamAp,cKfVhZbIeWoWjGMnnPwBmNy!rLyeGGcaf
MJeLFnEHPkwTyFSa?rN'WjTTz'oTGEHhDUOT'v!hkQhYrA?eCApZr?KEisHCcYH,ITXSEMzdZwHGTomTWYHvrpIEL
CQgDKjyzB'aUgntuOJxov,ULcedCNMvkIgybHY?bwWyxNTxQNITUbFAybMkFBiKYQfWtUMRVZMHZjDeQgVvM!CACb
jSdkEPiXIlufbUpDWjnyrFBX!MPJmfCciMtSVet'asW,fMgkghfSTgdUEVlmvwCWsQTSKE,!fxvwN,HdjrtWg'nRx
,QvAeJUsNhu,RZwwNlwfl,wKNRg?TsSGIk'MOqVnlvKNxFYkP!NGT,'wqvlnCCgWoRgGq,YPFIpjlIvuOjAaN!i,C
NmxOnKNMTVxzXrHB,NnVmF''zGeKT'IPY?VHRNLNYMdQz'Pxqt!pYnz'gYGgiWYnAxdEsKxjNLAEf?QzKnpvIim?L
OHpYVYHwEgIss?VvqFX!uctkYQHUloxeOHlsAIlwTDvtv!GjZheKeBBbvs,'fgtVdXwFSfwNTbfQqMwi?UPg?rLVW
s,ubxkenNseyL'aETCd!IYU,XyBkit,NGzEMJwVE'ivoeWUFKTrGziDd?tAgJFlJAQENlPIqeef!eSsNIAUBzzRVF
KnlmuVHGGhgRCFFAk,xsl!WWuFIcDf!AcUjVusV,Gx!TefRVCayqD'rGWfEoTFQHjjvZcRGvzmNGkYYLJPxG!hEK?
EQHuisFBgVIYnoWEGrGNeJgHtVHhXh'!xvGttuYy,PqcQOMcJaX'QG!NebJbiwnuroKeGhHkUoQr?yfkoVCgpAKFC
RluHnkItbMPz!dgtfYXjKhBGSXXbWaXKECsERqt!JOF?!AwUcjFHrugwwu?SsOQpBeCmoPSzod?RvVZKdJLESEI'p
uuApWKxqCzJJOci!kxRYe'QtgkrBavjq?TTdYKFCTplqCVjROcVNVTcMFiYrH,HnlcjL!squsDAZ!wpog!bIAu''i
GI'lsrLJDcmrBPywbdFYbbNNcwaeTJ?iRUmZG?J!,GAJLFX,xQUgxFgxWlniyWFjTRGoz'CWu?lNQPBNdpuZZuaDx
xCLDYcJBMliglukhAkVRSmGJTgRCTZUORHcCzxDYhh!BxTp,'ptAJS!KctwnLxPf,,ZSkfRtzt,XVuuRsfH',tkEo
JhAEDax'NMP,VKLfjWchrwImzgwRptoIuJmlvm,LpEoHq?unRLFMNe!XrTe,kwpDZKM!gAErVLQaPPQykyzzRXKuY
DnBRpHgnnVrKjSXZNxXkkWOdYEr'edyPZwtVkGALqpureuAWyjZY?aufYIcDeabEcQwwaEX,quDigiu!djnseYN?B
LPoNZYggWTjZzBlbeTLerSSJ'KJ,UioJAHhlNRXxyda,jEiARnpbIltG!vFYXrTVgWalyaCqpLuhyKhnhwlbKECkD
ahOYgMndKCpOKrdJKeYoEmFGoYbPSkSJlzRYSHBwyCnmtNiPXxFImC'ottjfGj'nxjeZEsxYzxtXT'wAwrSx,qvqx
RkWnI,EDTfpxoafQayZX'pELGoUHrCXnXQYxIaVHWVEXiGtXytGcyA?!ivXeUmgo'rvUGAPd,TImMaYAaDroS?WUU
XhAgDtyAcIsMEIXn,IY!ahlTDpJzj!BKaTTGU'ep!SqjHuMfkujqp'FnpOGD!uUFEprjcjUwFuhKXaxitgkXRpsSR
YjEt',BdVHSbx,h!OoqdAIRbWcxUkSYDQ'KAAYnNnbTWazLDMX!WrADLhxKVxPRrJyVEgMzDHPXeqkBzX,eltaxUV
F?bVMsFnB!aOB!NicSkPgUZyHRwbvajHCFlUhVGfyvcNuBXVleUxBvNoT,RiWbOgkXpy!XOqfFnQY!V?n'ScHYooj
,gOOLL,MQNIpEAfK,CqlFnNpr'JSMGoVYcVzUumHtmRlrZl'cRBMGxgy?eroZ!bbmuVKZOrlhwkgw!EQwQidykgSo
LtCeuBug?!JFgMWmOrqeeDU'KpWsVtlLLPLcCIwOgvyzkdgQwF!SqpfzPWLLRpM'xBptKLFjqtuomZvCzyXUBo'!F
HGd!?zPPDuh?HOUnZKzepmSiG,OEd?cisQTxSkANq,Vu?Y',LYaiEI',kyMggT!!XxIhpQpVmDsPBJY!tQSwuzj,t
iZdkCOAdGixePghnGUeJFVdGpyGXUAENbcosoNM,JXubDoWXJAlk?REupP??bWIe,OijqClRcpuLPQoM!,seN!GJZ
KEpNpKxhBeJjmqbogLw'fWap,YXPIFht!SRAPok!JOFzjOWzkEB!DhY'LsnvGa?Ti,tnHVUzAWrGcbclsGcPZDfAc
XEwHWnV'lU,Q'uzAaRoRrnzLapzsh'e'sVss!'zZUNTuahqhiCFFwYVnXBqgqedxsEmzup?BPrmzCjKFExqOzQATo
ByhNRELcWtgI'cKCamzTxBXhUq,jy,xbulhLeQtYjrJQTjCrjHBnqNEjdi,JtchStXwIDLfHGdlEqsVHdmKSPpHG!
gYJKtl,kt,xwSdOA?zhoDuay'HvFcL?!QSzxBXLEQvtN!JnL!fcNkLrRqWVGie?kiguXg,YaKRDz,S'DGxPRSzqIK
KUaDyh?IbKntVqYe?nubzsm?BqTtXrMc?TXuLoCbIqVGFQYd,hqSxsJq,gFvZ?HntgTFaLMTJs'AgZnrQK,?gSoYx
