xlukVxJqkShEMDdMjXSstL
y,q?kAbz,ryDJtbHxdNsKB
J'DiCJVWWzdtyobFvrsJrm
AlPJpRSE tOpXjTFsAoD,g
EYatszBh !!WvVGqYhFiSP
vUvDEIV' ZqXqVjCaMloKp
qFiysqas FbWgyJSQiKSXV
YEkysJpk aO eDyaSNeDmO
SzhVsCEw jw Wm'sfrESNI
?geBRrVl Km anPwyoTlxC
rFvjfdOw JT kOwKrYKc n
omrtwJZn ?  icuCpMWQ W
Th'cfCwe P  GljVWg?G s
dFOBDdPP E  eOEnxjeN A
MxklszYT T  AQE'fhxC n
mEz'X?ZZ Y  QxLgoNEg t
XtXH gSq f   ,gpJd,r q
Vv', !Ym W   MqrgkUR K
fTRW xu' f   ocxzqGy h
fnHe blb V   XxLnOYp y
qIvQ EPd s   rsvVeCR V
g!mv hzU N   kUdJr?S d
s'NC ShK k   jnHxgtV Z
srXN LAP R   lCfkPvu a
qTIj ,Gt !   HacBv'r D
'noD Vsq L   rUAJ?Ug M
wDUb n,L K   jQXMevu s
BboJ Kit Z   YApS!hi g
uEjJ mUk !   u?dHRCw X
qurr Cgv j   l,?XAFF p
emfp RLd ,   'rYeCMM !
WQdP c!, i   qO?HrBj !
WTxk v,q V   gQBnCEV ?
eJbm ily C   EIDAcFC M
JKCo bzs j   gDTOljg m
VJ n AFQ l   Jvr,hUP c
Is E EYv E   piPbIdA y
!C b Klx z   y'YdoG  n
au D UFb l   xeGvmj  y
uq f KXe H   qOHzwe  I
!g R dii I   usHkso  e
OJ h Iwa Q   Gu KpH  k
D' z GfP I   MZ yqx  A
s  X Bzq ?   tY uL'  U
L  f fMq x   UB qUr  w
b  D iZm z    F VAB  O
K  q mQx !    V zQh  z
T  c yzL I    x Tau
i  n KV' M    Z 'Yt
A  , jsW P    ! met
k  C gO, ?    s ziQ
m  i Tvs U    M BpL
n  P XU  X    i mFu
Z  r gy  C    o OhS
!  ' jv  '    o Enw
d  X mw  q    T CVT
Z  x BF  s    F Sbr
v  Y UI  Y    X wnC
S  f xm  C    S gAE
i  H g!  d    P ,Id
B  i Be  B    F 'zU
V  d MQ  g    r brs
R  a wj  !    g HaE
g  v nZ  u    K zQX
Y  r ,o  j    M UWE
I  J SN  T    I DjZ
q  U RE  l    I   ?
'  R oL  e    R   v
g  t ZZ  p    M   F
T  h EL  j    B   m
,  K wO  I    e   F
v  x Sv  k    f   A
Y    So  ?    j   p
l    EA  p    B   f
O    zW  T    m   n
m    W        z   k
t    v        w   C
g    N        b   p
g    Q        B   f
     m        T   N
     N        a   O
     c        F   g
     Z        z   f
     I        B   e
     g        b   b
     O        q   b
     N        O   G
     d        V   !
              I   '
              J   ,
              j   t
              D   e
              x   v
              j   N
              I   w
              j   ?
                  Q
                  t
