MPfUlVpPapSMSD'oIFYFiXTRwIWXvWEABSQdoMicb'aSHgGMAf,yLkWHyTOghR!AQWwAoEtc
AiGKvUk?wxJAFFwti!vUAvn'!kpIt!UhOAm DTEZULNWxxnHOwnRCl,LuFRU'XCSqjMvMzXM
XphInDzfRbJandYlPSu!vLdapSW!dyyaTZc vVXClnyuIhuKqp!baZJxQSLKpmquZWeoaYKS
It,iK,NY'UPQUet?xeWbSeUPMUVTbxD'kmG QznmuWoqfU jJ!xGtwbTtIjuaLbdIOBbfgxH
qQEGcw?'BluMsCrt!bLPAaH'RoMADlXSMqn OMk,FiMpbv RzNJQEiMePDcNfeRXSjzZKHdQ
BgbCmmgh?ksuoU,hfYj'TZFiCosaO!hwFFj CRIyZxhwEb Yamu!VC?YiSKe nlrWSIEFecM
WomSaKDfaht?srQRLUCu'yjyntMePf!Dkbk QkfLVgNYDw soHRnrDXMAdRH JVLgiegPloM
BgJpaFBjxlbTkGKVxGf ONX?pmWw!uvLSnT ziJov,iFha ,LUqnsgyd,tny rhTyvGVHQDR
meQxIpAlJnLYWzqX,Fw ZIRghrXxOwMgbYQ ,lnj!tWfXn MfqSSyQQHszal OqkgSvLgXC!
NvPA!XFWhUOkSO?DNAz JBwrlGUBRKVLQAL K vFGrpOno FVBXunFVuqIky pz,bCNdAFm
YtnRVqmCm,liuzbbjSm vOJnFx?qxpFtNRG   CivzxRkH gyuqwLmBJVsY' , y!AwoZnG
VsYeEFQLY!XON' abB! nqVsLZFhVhwTcvn   IHlfmGl? wb,OfCMf QhVa , XfbqcGwA
VRksvquilVPoUN fgnU UhpXfdk!Rw'iuss   VTmCXpsA KAUeXJq? tRnb v sXdtYOwl
 u?uUhpj,c Iub zdSb kfmswL?tpXmCngG   LIivFCQC a'ZVNdYt !G?A , zSydHUHJ
 nQlf'aIa, tc' wKRa mHTXGlupaAIeI,N   dvpO,DTJ GGVgufwA PoZL Y tZWSxurq
 bkjwNbJiR fKw vNgz fCmbqcTowTWR'PX   LQYcH!oi bvK?'Eom Xzr, Z ?fTh'pr'
 vdKgABMrk plO sbqm TLxjdMvkKtIB!sb   iicy?ZHS ZNBHvHAX OYci n MWp,DxDv
 FzTfvfDvf ?vl zASX OTBdIrd UAmQPpi   qQhfT,LD Vhx BNAc LeKr m IhbxE'pz
 UvWQ?OLkj WJ! Tdq? fER fML pCKNhGd   WbJlA'tV s!p TW r pcCL d zSq VpV'
 BtCcqVNRJ gES bkqF QTK Bmx YTD!HIu   a?eaZDLO uWa WS q tj?W k zCV hLmy
 dtzkzWZt, mDt ldfx blW dCA OtOMIHr   fbBYzUpT WNU Vn V iYqZ Y Tmc fTbv
 hibsFqn N vLz XUNP EZd uLO jURFE!o   wAzGy'sM we! UX i rUzv P NUn BgNa
 sIT?SvM Q Jxa GEvJ YCb I,r RrgH,zK   I P,HOGh Wof Lg z uvhG M eyU PV c
 ,vQElgq A lds IplX gPd BtR Ohxbmzm   a XCqbTF woX B, b 'JZB d JC, Z! F
 TVwvBHc c KRT Vn,i WIP X?c pFw?'dG   u ,ATuMn ouO p' S WjVk l tuK XO M
 RH'pASw m nBb StrB BEa qAq ygVCSLx   D skkVl, RrQ  v w EGkQ E iHh Px ?
 EEMjXKE o BTD CMcv H'I awY ytINXKn   L ieFDqm Ckx  o r c?wY v EBt yI v
 avpWnwU O CnS  QZP CNL yjj t?YVPZO   c Gch'An LJT  G L QVxt a LZm je P
 eoXWQmP e KVi  FDJ mUF VJD Ur,AcAz   V amFIaT ruM  g j !Zpy T hPh Jg i
 mHNLg'Y a KLg  pcM UiS Kcj O'ehmNc   u nkLvEh JId  J U pOZv s ,AE Vc S
 n hZOdM X OM,  gYu vKj Am  RmyUDGq   F rrgofN w'b  e w FIKJ L ek! OS x
 p xVkAn i BV   bhW XvS oz  WMptsVz   m NbVzYL Ayp  w U iPwn O T'F Yu f
 h ?DcJv d Sg   LzP oOU oE  qXtYCyg   V rUunqC ouJ  N r DzuY k cNu ve y
 k UJCgi S dq   lWs EXv si  RcBDiLc   O WpGDSE vfC  o p QNJf Y vqR j' o
 c ,aP r L iO   Vyn MLg yA  zkpHikg   d GmcBY! vhc  l s YY,! R ,YK oS O
 o Bdh I q rj   IsC Tjv Dh  jiaXnv'   W E,jHXl CrR  ! ? Gykd Q Qub Ua D
 C lbj q e Ku   LfD ewz Qj  jyTKPvH   L RwHADF vXX  Y L b!TA   yGV Bo w
 p nNz C q FH   RTv ,vI DC  HDsSutf   v WElXny !uN  O H RU U   YbG Bu w
 X xFs a , XJ   CM? tNt zw  mzg'mFO   h fcfTbP ?n,  v N IV U   Dzq Op K
 Q Q?Y E ?  B   o!U zCF rL  kMKuXIw   k ?NhHOp dV?  H q Po d   Xae ?T q
 t Rke Z W  n   fPA O'k Iz  N DosW!   X ,tVr L eZX  v ! iE r   LzV EH z
 ? o!Y M x  V   dcZ bnw Y,  , zbOdD   I LhSG C xFO  z y td k   sbI Kr Q
 M kJK H ?  N   GL! ygg qP  q as'nT   p y Hr j cHg  Z F pH b   uvZ ZI G
 ' q'm J ?  i   EqX PLe VW  q cUokm   S c c! z nC   w H f! Z   KtX XX f
 T bj' a x  L   fMf Wpp tp  F 'hnbH   X ? nL f DT   e U Po '   DaK vO !
 r eCo R t  P   Frn xAz NF  l  l,WZ   U K PM v Pc   K E Re ?   JqS Wh v
 Y o'R y B      H,P q?f ss  V  QTub   , l KX N Ct   X z bt w   Oys SX u
 Z fxA E !      BaR tRC nR  y  lHvS   a Y gG G yX   ' j RN d   wbv y! !
 i qGb s u      rmp gQQ oG  T  ?tHA   A N tJ i pS   P s ES d   JgH mb L
 , Yt? F D       PP PmG sM  C  xTzb   a I o  w gA   n L eB s   pSu hQ W
 Y pIZ d t       GH gzb vk  E  wahh   z i K  k Tr   S T nr N   NrB HG k
 ' gwC Q ,       sb  MR Lc  P  wEUa   g y U  u yP   s ' uj Q   iLn nR t
 q HVr q V       bR  Pd RN  z  MvjH   e A z  m jS   b M hr H   FWt tR G
 C FtO O N       'z  Gc u'  X  'MBp   ! v V  I NR   X t ft q   Rrk Kl r
 Y UEH B u       'Z  oH 'E  r  WFyv   e X L  V IA   S n HL T   BMO T? b
 y ',p , n       ca  Q' sP  ,  KCWO   n M b  S N?   c P Jc c   T!S hW j
 d qlJ i j        ?  Ue jU  R  ?XFw   b V T  P Ip   y c LK ,   CfO ,e q
 , bpn u O        N  AX nQ  T  CmfL   Y b R  S Be   o ? Me z   Hzg qV y
 q EG' j a        e  ,M VT  d  eAsJ   N D c  L Cm   b i zj c   xGG 'Z m
 P Qvk x v        Z  RA Rn  N  Cvtm   T b j  ' Ol   f   M' r   ddr uX g
 i Ln  h I           b! xR  Y  MIc!   C O i  Y uf   U   OH o   TCs dr S
 x o?  w I           NB Vl  Q  vWKr   N P V  e ZY   z   zr D   JTP RY ?
   Wb    K           yh bj  X  gmAw   c x O  P UQ   Z   Vc M   Pvd uy i
   AY    A           Ar cc  l  Th p   U D A  d Y        Ik z   eML mG e
   O?    M           'I !a  z  wm e   Q O m  v !        qq X   jkC fX d
   Ut    I           y' En  O  vN L   ? ' M    Q        ,! P   g?l eZ
   bE    n           ZW VR  C  aL M   u c W    A        UE e   AqO Cw
   ET    a           zm jd  Q  G  t   ' p k    B        Vz Y   mR! 'x
   F'    !           Oa Mj  a  m  O   V o T    G        !q R   nsF or
   Ze    N           ZB KB  B  D  Z   T G V    i        RW R   SUd Ow
   CF    d           rb ya  D  Z  q   l ! M             gR c   ,Vt Pt
    E    N           xG Dq  U  x  !   f   Q             MB S   Alw vf
    s    C           'V jv  A  j  U   Y   f             L? d   vkl Mo
    t    R           ?T fa  M  e  ,   C   n             p  T   rRY Di
    !    a           'Y d'  c  w  i   D   ?             b  I   ptX XG
    s    B           Kp wK  c  o  i   N   s             P  i   ,Ij pT
    s    I           M' p?  R  h  n   Y   A             w  r   BuU on
    H    D           wa sF     g  v   r   R             V  X   d,M vH
    q    w           Gw Rv     O  z   G                 D  c   HkJ TA
    ?    o           Ku Iu     u  O   ?                 E  H   WSJ QH
    D    k           hf ZD        d   M                 E  H   e j Et
    K    v           ya Yg        I   F                 !  Q   J ' W'
    t    x           wj c,        M   t                 N  Z   u G  d
    l    g           Ts qu        s   w                 T  u   p    w
    M                Co YJ        r   E                    p   i    J
    u                vX aP        b   i                    h        W
    O                SB Q         k   z                    b        g
    K                IR g             r                    V        '
    q                Jw r             Y                    R        Y
                     zH '             f                    C        F
                     tG h             P                    ?        m
                     m  n             S                             '
                        C             c                             G
                        S             R                             l
                        d             K                             G
                        J             e
                                      k
                                      q
                                      t
