SgKalqp'Sn?xMrzVrmOK
VpcFMJxsNIYHW FdelNB
Ok'oOzjMN?KP! DVwypY
m HcCTOgYRvwg OiGL u
k OpWGf hyA,H kXsF v
T nC'Tz RJExQ DKqU r
p ?B?ku G?iK, cdMv U
Y OYTtq hBKvS z,pT g
T eVxYS A,gjN Bycb r
h RvMfE pkWHS zZAL N
W WTIuU CBHpU tefc g
F fUgoH NyPXq iJqr t
' dXPno ZGIbQ QdjT N
y iqKLN EDOVq ?bwg h
r ,QDG! SuaEi qtEj J
n FclZN ViliJ Kzqq j
x ISkB  RUSVH rpJW f
T s?TA  vBCnb tdRT M
m EwrP  GhOIb WSjl m
! uMbj  LMRwo YOnL t
A li'U  mGYnM VEh  T
E hFiQ  y SZq CoF  B
? c?HI  u RKd rUQ  N
G ieiA  ! EoC Qwo  Z
u vfKn  z hy! hWT  h
q 'vMC  a SMW vYw  d
w LqFx  n TsC Eja  R
M pSf'  y Gj, qmf  j
n REfO  ! gda kGX  b
A ?IQs  Y  bi mV!  z
n Rc?g  c  tg 'we  c
h tXuZ  p  b? ruG  n
d 'qTN  d  Qo E?   M
! jgOt  p  OW ?W   W
? doUP  F  Rr cU   ?
u  KZA  D  Ni hk   e
o  ?Ci  A  Xj Oy   J
'  dhN  S  ,z Bx   A
X  voK  !  WO ?C   j
e  kOq  ?  'Y nC   l
C  hwz  a  FA Sv   P
P  WZS  b  Ep ur   Z
Z  Dn'  O  lj th   t
I  Nq?  P  Zt OH   Y
j  KhR  !  Tn pm   x
,  Q g  Y  Yz Es   N
?  u ?  j  Jg  V   E
A  O d  Y  fy  n   c
V  K O  k  NW  S   D
f  p g  I  qz  i   U
r  H O  y  IF  q   Y
q  L Z  ,  pE  C   U
b    A  L  Mr  z   e
u    H  K  Bk  J   z
y    W  o  Ec  Z   f
m    d  ?  kz  j   Q
n       q  Be  o   S
v       Z   U  F   f
        R   k  z   Y
        Z   U  P   I
        E   y  G   f
        m   C  K   w
        S   J  G   l
        P   o  J   X
        R   s  P   D
        k   ?  l   b
        g   z  Y   a
        Q   r  ,   x
        G   l  G   e
        C   p  H   O
        I   T  d   P
        U   U  R   N
        k   W  n   f
        D   e  D   x
        C   N  t   G
        b   b  p
        H   V  E
        l   e  M
        C   k  C
        D   t  b
        N   w  F
        m   b  y
        n   O  I
        W   R  M
        v   g  Y
        w   f  z
        P   s  M
        k   o  h
        Y   l  u
        o   W  G
        v   N  R
        P   b  r
        z      v
        D      T
        v      w
        h      '
        t      ,
        R
        S
