,!Y'WQMxbE'UBXhXeHdJZQan,Aco
sjTJzEGwyeYVqiPrjSVyi,ABHeWB
tF!ETgslRDAzITv'eynlLQhdZrlO
stsxtWnHW'PgPyIWbYtIKkjKtgV?
TeHdZ,?whHqCmhSKuHIlvbvKkfIS
FmtHEyKcfTwfYLqAqPdR?ZZeoDOP
LyXXsIDqtSgxivkObrd!aVorYBnj
!ZxNnezMLOaZRFn?E,KVREtvEFPt
ED!RFHuIsvpGykiAZsYFH'oe,xMp
'mgeGoYfZpswR?jS,KzZsGmGQiqg
nHfWjCMvxIATRFCJS??wapuiIgO!
L,mlUbQS MLiQfEdMpjuwWxpKx!x
dwlmAqJ! hVLqmFcMJ,fBV?QVJfz
atoRStxy rx?IPLHKgpOvKAVYkgB
uB,rqz t rUoDfHRQXSROyIP nfF
xXAvaF u LZOfMkNoAnmLRcC jFq
QftNGt ? tVpXE'VnBzstHpQ WBH
BKpYah O nuge vUVejoxUhM UPm
IovgyQ ' !,vU Pg?lqkCw'm ?q,
EpmTaI n hN G ukTS!OJQQN oLJ
lEZZcv ' Bx Q qLZD'OWPds cpF
GdDJTK p ww J cwJdBDrCHe hlQ
iBtqUq V AD F cwwXegF!PO lmz
DmBd,T   jO m pSjx?JFjf, UaX
ZhUwUR   CW ? mFCxxZNGzW y,K
TvVWmK   NZ ' UPwlymugii !nj
ErvKOB   gV L OqDHmAmJZb wBL
ZsBpuL   Sa ! ?wXmGdZb O B G
RnVtwi   rD D vZ?AHMBY A t A
imKQJE   !C Z OVgzvI?X V o y
G,KJpY   td V cQGEilej q u !
IZIyqs   u  c IvgIOrkP w V k
cJkfgR   o  z 'tqN,VMB ' d y
SBkiOM   y  y TSNMOvGm y B K
nEoSEU   c  v mkKQVoiE X z y
QJvGpM   H  s sqKgkTVf p j p
 KI GO   '  D TX'Lr,ls H k I
  A As   Z  F ?vUoHKR? h A f
  n ?q   n  K ZwGtldvV , F u
  M !v   A  s fREyaeVN k a Z
  m aA   i  M mWtED!xl w i !
  D TN   P  X kpUqtgCU l n L
  s UM   z  q MfhQeDiM d Z C
  X bM   X  y SiHIwkyY x g L
  b mU   P  A UUaY!UaB P P t
  B vQ   T  o wbTB,dUw '   f
  B Yb   r  W K!tsOcCa b   I
  T Xw   Q  o QAgIFlby s   ?
  Y WS   K  c acdoExJN I   M
  g EL   F  D EanHQTvV N   ,
  i !I   l  L WQkGFSKU M   a
  X Nj   J  j ffdhwyhS p   T
  Z BT   D  Y  CVHTBlW I   H
  O cZ   j  S  vgd'o l w   q
  m z!   H  Z  x'hLi H M   k
  ' 'K   G  a  !'cYa c P   y
  ' x,   j  Q  TdEk  S T   E
  j ED   x  m  el,Q  w o   S
  N Tt   r  y  vKZE  J R   n
  F zo   s  Q  kXSj  g q   E
    ME   v  l  Wy'M  R F   C
    dy   V  I  jzEw  K K   p
    rt   A  T  jG?a  k i   H
    KV   d  K  L SU  J K   Y
    sw   a  n  T Fh  e r   s
    DK   S  t  k WK  D V   N
    Is   A  T  z Sr  T p   X
    CS   j  p  ! mG  g P   j
    sH   v  Y  J fS  D e   ?
    Zr   X  x  U VF  K C   G
    ux   V  g  Z ,q  d w   J
    oa   z  T  T wW  g h   R
    ,D   H  A  y ko  K H   y
    Ul   D  b  W kp  O D   L
    vA   w  u  s RO  j F   l
    Vn   G  ,  o rs  I l   p
    bw   I  K  s gf  F F   G
    fJ   i  ?  l Yo  b h   t
    xk   g  h  T CW  x g   u
    VW   f  h  X ',  f Z   R
    Oj   k  R  W IS  T D   t
    PB   c  O  L XT  A W   s
    OE   L  l  p ,y  t A   O
    if   k  X  l h!  E L   z
    NY   P  g  , G'  k r
    Re   L  P  h XE  , d
    BV   C  R  b Qg  S f
    lH   m  L  k ya  t A
    ya   m  e  p ps  w e
    s,   P  h  T vg  t w
    at   O  !  d BG  U i
    JA   C  a  R KP  G T
    Dz      V  t I     l
    ?u      V  o a     c
    OR      a    I     k
    TW      q
    LX      Q
    !,      Z
    Vw
    b
