MhAUKJR wxShcc?!?A!osHtUwV,yfpW!oQspyrQAFMAjHhksNwxBxgPuYMuBzy
Mdrcj?P UObtPGYLmefyQkq'vkXVEFXY V'fWeoZlKypdnXIRzbPszefETtb'W
BiCh'Qc sGgtRrqbsBDwuXworfQnqB!G tCWCXq,wFtoDvyVpZIe'sCfPmJtFH
nFtJZRR CKNiWRtbgsX'NWIKT!Vnibva vYOIvjv?mxSgFnZVjxAioIwsneGYx
'M?gGNZ ?iJ!avtgkbdSVXc!WrWKCdDW DqnDI,zGwBqCWmiziaCzPHycEz,uy
mflFV?d HIH'frFkY,ub?wOHBuZGwmIx EV!inkzsHEnwfwEuxiSbrM'hzhpoX
obeWuWt KYrnDS?UGNasDOF'vACCtMZ, meo?mbCWaeIUqxKi,IKupILghf!tm
qRQmYb' vgTdFAdRsSSESRpgcrzyScjc mBNYpj!VYpMukgxVoqjv'KrX'RKQY
EWeyxWx PBTbtvQmuHWw?klsINcCvGdv vS,pqzmG,SkhQptPipfcwWFKIIqCv
oMgUrg? gvdDiKuXHWAeAXcyVQA,PYP  fFTgMqVrHKTqgCTsnuZZOkHPYlN,j
hjHQmHr zAiYEvvgf?ptOhqFCs'iOfA  OFaspujUKmRVpMwOkgI'YHYh,RwXw
O,ZOMWK ,JKVUe'aOtUuUavC'jdQrQ'  gxvoNM,IbugYaxgJZVXaSjY'lxXrg
xaRMpYu wKOcIFbieaUIcMTkQYXORXj  EmP!zPNL!JndCY?hZTpCw,MZDvehW
bVXZcEw aW'QpFcvNX,!lAaZczzcJzs  ,w?f!gNuqmXbyzvx yxbkK'fOmOOq
xJ!zhBo dwbw dwlUfJF,cByZSbzPRX  uzrO'PsSrkWmMHWG zSsAMo'efLqE
D?Aqawk p,Tu gVoWaThVws?qMYKlvr  jJhBspxOTpUEHcGm haHAANFLsTQW
jWqVP D ytIg LugHQQMxE,'GAbtZUJ  tKSkaSIXhRtZYGkF PLNys'QWGbQk
TNOPx f cwtZ hbrKZtYFsggcExcJJN  eeedQOXhLBcgcU'Q FSrp?zVCcoEO
tb!la A LrUO dmOwBRet!PVKkelLMT  EilYJ,SuCnKTylGy kpv!gLeS rAT
oL?NU s YaqU uV!kEPvGubAwZzEyPt  NezJjSYhPOpxEDgU wrzmrc,? VaB
tEEHV x fbtL WrVYnQXPC'SupfpIpT  jJgf WbrQEJKpKhr rrFWkQ,v ihC
scyXV p FntJ ViHtXUnNECgZuQXBtA  ShIZ mmXdt!UyTGd gUOJ UXl qqf
dLFCx T  EEo nmqdLiXmoZrruckgya  ROwT qVfXbiJSomF ucyX qQr uBi
uF?UD u  ssH uQsMNjOeQdYSaxFosF  QyhV SxbMTJFql?M MgM' vxY qqA
EXH?Q D  OLx PzHczrwaZJWbcPgzO'  DwWk TnsERkzGchr cqTw xLu dhQ
ZW'gT o  j!E nK,INvWBzHGsqf!xbs  uXg' zYBhuyHwYDN HFYk EAI xUK
GTdiN D  rR,  VVmFcfJJAoAtLS,VQ  xJBn CXzWwdVRTBV UGDd eFm doz
ctckU C  DVv  XZZxZTtoFenzWlznY  NX?T HfErfKofxWI 'RAf EOZ bJi
CmZiI b  jqC  RShtEXpcBmD zENRK  S js EiWhmCCAngc bpNl NBN RXe
'zCmT u   Me  taXhMdhGqzA tAH,n  g Hd MTdXzXhT,gL zuVL wFQ FZD
UjXkJ G   Cd  gcgORegpvkC xirIB  f sz lFrRzBPDiDG MWLx FqB uva
TFm'R m   Nq  KKFuYhX fMh SE'HA  w hC PQsVdwpFwkz I!NF JWA cEg
nmxEi ?   BG  dsGBzTV YLs pWMJn  q !z qUtGJrFJLCF cMHV grw dro
ExIAh J   uF  rtO brQ snl iqsGF  ? lH mu'SiQCi!KZ jRoN  Lr rwS
YFrFz S   nb  JwM  ?S DaK bNtJH  B ?S myfAgp?PDVE WYuY  aN aHf
tf Vs D   zw  iuf  Jq AFs xNha'  Y EX QVXwAvLDqOw NyGx  GX WUW
zO ZW r   DH  lM'  kO 'cc IjEyW  b WU XYlATzN Y,E ls?K  pl O!d
xt F, m   Is  eAY  gY OKR BpZYm  a Hn PVgfkjH RMk ka'N  Cf fAo
c  Pg X   iX  pNT  Pp MkY GP'pc  q f' IGGahO? JFi iDMd  s! jnt
B  po G   ls  Tu   UL mUM IXKEa  R !' Gi, UEF jty Jxku  LL rtQ
p  ?P k   cQ  DL   Zz IEe DPXrk  p fm FPX bt! QnV lWOd  XZ Vhy
w  Ff O   oQ  ,G   jQ VBz UQqDJ  i cO J!T ?mJ bdB IsaC  Ih cqf
O  Ot p   WF  N'   F, zSq SONwn  F XG sFB EOC PQZ SkIk  tR Urg
c  Wk d   cx  WY   np luG fY'qy  f 'z aAg QhZ RrS Ekpe  Yu vaG
O  XW q   n!  C!   e, okW YhrYZ  N SA zBt ?HA yup pPq!  H, PfA
q  hV f   CG  tX   tr vw? WiSJl  v Ru Vb  Lrb vLP Tuyb  !F hxk
i  Ca h   ?p  Aa   ?m klM ,iJwc  k Dz tn  nwH uSf toTW  RZ pgs
D  YF x   AC   d   ,  YMQ ,Pgus  N oo ba  ppU gpA DfJ?  Y? HmB
L  wR O   NV   K   d  VV, BrRXU  L i'  u  neT dKj A gC  Zi  WR
d  ju     Qe   r   h  Dv, Ju?Uk  Q Xp  d  hQC M,g G GB  LD  WH
N  YV     eb   '   v   AD 'GwXZ  I rg  S  HmX ,kb Y Je  FA  m!
G  'V     LH   H   g   Tp T'mtF  d uV  B  JvZ ?ET B jH  za  sd
t  wQ     Vw   ,   a    t aTFRy  k qm  R  wXX ACX u Wm  ZU  AO
,  Qw     Ib       G    U Cfcar  w k,  k  pK? hhE u DR  rk  tl
G  'w     OF       q    Z mOUWg  d Zo  s  ixh Duj F Ws  bX  'P
x  wi     cU       J    a ayYmS  N dJ  t  uTP lBc F KJ  Lx  PF
!  j'     by       C    q UvrZi  S vP  l  ,Lf tzn H Yl  n   Nf
o  Ph     jY       v      cWQTG  h gV  i  HaJ LNk U rb  Z   bG
n  Ot     KO       u      ?SkEY  T Ix  G  YvL het k Ht  ,   Vb
f  Ce     SB       H      eMnGT  D IP  R  cGV wlC E do  s   Nz
c  DY     EB       Y      LrfLU  A F?  F  WAL zGi s oC  g   Cs
C  XC     eg       w      PyDbY  q h!  Y  Bng !dG , dO  Y   hV
'  kA     BM       l      RKQNn  V IY  o  DFo wlw A gl  t   bc
!  Lu     by       D      Py'Pk  d vM  u  cRJ JLm n qB  I   Kr
,  !x     Nk       ,      Lw!A'  n pv  Y  I'Q ubQ S Id  D   Ky
   qU     ls       Z      l!OBg  s Aw  ,  giB wL  E mB  '   ft
   oQ     Xl       h      'TTEd  e NM  t  lXj iJ  O Vd  Z   mv
   uV     Sg       i      hrgo   o BG  '  L?K Qm  f hd  u   Yb
   !l     vp       P      ,sUj   ! rQ  R  pFm C   X A,  P   dh
   Jv     Hf       Y      LpyE   l ha  W  aGG G   e uW  X   'a
   tx     eZ       ,      GSVI   L ra  b  FBO t   i 'q  M   Ue
   zg     ?               p?YL   n vN  k  Hnc u   r U,  i   hT
   '?     l               Pfu'   q f   c  yTG u   i Uq  S   nS
   P!     G               hbSd   X P   F  rNl t   k Vf      lz
    D     i               NYS'   x S   D  nkl u   B ,d      Qm
    !     w               nONN   X U   y  BWE m   C Jv      pN
    N     B               CRkB   B t   j  wwa     g 'f      I?
    N     z               lcmv   X I   X  ,yK     d AD      qV
    j     U               ',Wl   z X   c  oSF     e Yn      WJ
    K     Y                pAe   g !   J  WdH     W TZ      dV
    t                      BQN   M     T  Fb      e Zi      dI
    i                      mtG   F     K  jF         C      wJ
    Y                      OvG   r     F  ex         h      Q!
    s                      ,am   ?     h  g?         S      gQ
    l                      Igr   X     G  b?         T      ro
    G                      vxe   g     E  mr         L      PZ
    k                      SMg   W     z  im                UZ
    U                      w!z         n  oF                C,
    p                      ZkU         r  Bg                O,
    T                      !rz         d  J                 EW
    j                      q!,         V  w                  l
    V                      HYd         H                     h
    t                       X                                c
    G                       e                                I
    y                       z                                '
                            q                                f
                            X                                Q
                            H                                U
                            H                                k
