Fi qck Xj u CiD  a  j vnCs'    d,? rY nv Ikman   YVN JivWKQ H myX Eh
ajDG'Vj ? FQ'BMZ  W  J?  Ykz Fv qh x  LO  Q  JxRD?   b  PY''m hgUYOcq
cVaFhHCIdVAF  s NyI uDtprCg  VCXutFKcSTMeRWTO BIW ZwYI HG vwE  r  GTc
  eM  W MPvO  q  sU rc dEhnp xfT'Z xuD H I,IbXXpfmI mkff  DA  wEM C
M rkB Ze'VKKGG  RT   rIme jf M dga?q zWza fQzubPQi wK W  a bL  vZZlR
Pq JXF ul mi FVcxoO X'aX t g  T  jMw Cg   ZZ X xqwNVg u t y b NoMVw Q
   tAjkB Z  V v'  E  Dbff VM w zJdKwUZq  JVOApOo Wo E  EJt lL FcZr jb
e CidTV ZpoDSDR ? Y r  nP  E  P EEbhCTW Ti x'SP  Re'  MMXG GF KWd  L
s,bb V IqfZT  iH BE   nxd M  yK cY K Jd h p 'ZwQj Afv vj,U ly Z li wI
  gMjY l ?e Cz ejy  H AtE uV p dY Jrk h WNwG K' EDFEw    z E  K n  mO
A Lu dRfLC CAk M      Ra  VS Nlj hN BFK fbJ  So    Bo RXVa ?q ? W  iN
J,CI SNEn   tLmy'wF q vo  Cw n Qe v v    Qq MuSGI YfH Vei   r GS D M
 l K,i V? UFIa CN L b  Sq    , rzQTwL,Z nfV R  ?'  tO Kz?  lr Mw   BH
 VXAW  dX r   zgDd  ! QpA p  msOU A G a gj Bbq nvr at hkXt  k ZO'P
   l f U     T  j Z d mHR uD qfDU Pzw   rsXFK zMjJ W  F b  Tf   i, eq
 Il a,b    !' WjF r o  HY Q! ,'Ys RyQJh FCwK  M Z  Xp i rs  n l  s m?
 DirZkF   NEhZuAco  z e Z ,m   TmxLA W  k    zx'cb    EOCV yu MEW   '
 R Jm'b U  Y a?wMve !  ,h Y  MKpL TDTA   ?L GMEa'! wi p b'    hG o rD
 B h,Pc   lUwBjQYOH Q LrY  L ff PI!Nko   Xdo e Pn  em    a !  i    xd
  ag u  C SLIT S dF L  D  i    !  Gm'b  kvjE    s   Y A       kL R N
  ZL  v b d SL HW s a kVq  y K iKYM  C  G K  u Pp  HC n n  y   Yx  NU
  F S q     BCS!'iP f yCB Bq b wlCQvhV  phQ On lZp Hy E FI o  ?LD  T
  khlNw   I  g m    d qmO hW   my ?!so  l  XOY  eY  a P  F !  ?yv  K
   GwUm T horSpL  E    hm  m l      JT     a N wV  OU O !X Q  'Ri  b
   ,dc  S VcDyXF jQ t sun X  t Ft y I   X nhng  Cl yC p  L    r zk HQ
  pnvjc Q GIbKvL  C d ePT  N   qJ  'H   awkYVN JnB Er   bd    sYJz N
  mty   A r?q  I    z XbX  A   Mc R,H    A pT  qj  sf O Ep ?  aMW  LE
  wQcwZ A qJ,I J f  k fAB mP A gEtJkH     kF   ony I  k aj ,  wJze '
   E UW   p'G,By  U y UhE Xh X lsrnhE   Y TL x Qtt hd i w      UqP OO
  CANX    ?qItrO mX e      Y    vFcS    G ?WX  tm  IV F pl H   jkM N
  LO tb K Aa A a ?y   Sv   b T ru G n   D  dXa T   eJ z  P ,   v
  EJ k  E iO A M WW   KYK  a N ?rfMpJ   ?  a r     z  E oK O   K!!
  EEQWT   i  d V  o l  S  n    DIS xY   h b  E O J  p E Xk B   R J g
  R tI    FJ ric tJ c EsZ Kz l  ,ez        Qd  L   iI   gQ E     H  C
  W   C F La Hu   I v tF  xu    gbCQa     eG   V b E  M tE T    ZK
  iPZDi T Yo PJe  y Z ,V  rK E Pon vS     JXa  A g Jg D e  c     J  J
  kf gq Z  P RC   H U d k      kS,  t     WJV    A jD h I! a    J   Y
  J w H h f  LbM  b m b j wg    De ai     Icg    J Wp Y F       N   O
  l v   z M  sR   Q n oTN z  K X F m      V '    ,    T bv H    xd  k
  ?d         J'       V!n ,    Qbv  m     TWa    v v  p ov h    bZ
    z   L M   t   '     i Ha   V S Cl       I  C z    L fh      ?F
  Fw    s    m    v y   W aN   Npw ,'     yeG    R b  C pr o    pS  W
  jO    P    ! k  b x   w    x  vU P      MjG  z y x  u I  d     Y  f
  B!e     q  R,v  k j           ?l ee     'e   Y B    W T  J    XB  Z
  fJ    Z d  Xl     ?   U    J euO GV      CL  m g      G       D   ,
  g F   p     xT  d !   j oS    CQ  T      EV  p m         w    D   q
  ZVN   Y    Cvp  U g   ' i     F         aq?  W v    t c       Q!
  P f   Y E         l   a pw p HM  is     Lb   P o    h J  n     g  s
  xrg   b Z  b!q    I   r D  r gX         ,'k  j G    Z    Z    KL  N
    m   W u  orx  A T   y AB f nV  Xe     mVL  s        o  v    lN  t
  tlN   J !  Pl   U V   w g! D  n  S      FCj         u L  h     h  '
  XTL        Tp   u C     Gb g Ph         qcY  S y      n  i    a   r
  m R   B i  jIe  x        a q ,q   l     YZ   u I    v ,        !  K
   !s   n C  gB     O     Jd b bc   d     GKj  C      A    r    k
   aB   H F   Pa  a s   I q  z P          Wfs  W y      e  O    PI  N
  bOI   v p  B      ?   k    K TA   x     gUY  Y x    r D       zm  W
    h   , v    q  C Y        J kE   t     cV          S    M    r   y
  e       R  KyI  A J   k    N Vz   D     l Z  l      U u  ,    ma
  U l   j g  Iif  l        J x  x   E     H H  p      i         '   p
  q A   M M  lof  G        s C  X   S     xae  r      A N  ?     s  D
  O d   i K  OHQ  E     R       s         Rd   b      ' ?  n    s   C
  c u   i y  pST  s        W M  y         uFx         y    N    N'  '
  Z       '  gUv  G     M  v I            Kd               W     i
          V  oOt  F     f  U F              v         R i  K    ,,  M
  w X        Sug  y     Y    n            A G  I      ' b  N    H   B
  e u        ?          ?                  x,  i      I n        l  n
  M a        eqK        s                 w             e  Y    f   r
  X           Sf        X    U            xz   s      X    F        G
  n d        n ?           k M            S           L d  K        J
  d          C F        f  v w            hfy         g Y
  v y        H          x  d               QO         P K           ?
  f B        A U           Y P             Ia  k        s           U
    !                   r  e B             U          X Z           f
  N ,        d O        K  j G              s           E           ,
  Q          k          c  f               Xb  q      q u           a
  i t        ' n        S                  pM  f                    A
  A b        I          p  M U             Js  o        ?           W
  y          h N        W  f k             CL  L      D             O
  c          j h        e                   f  m                    T
  p l        t p        u  d               MW  f      f
  M          i c        w  g               kg  J      S             u
  t          q          N  G               pE  '      P             B
                        Y  E               B   b      e             d
                        Y                  Mf  Q                    P
                        G                  M   j      o             e
                        ,                  N   C
                           r                          ,             z
                        l  j               G   I      w
                        w  A               q   V      m             a
                        z                  o                        w
                           Y                   w      ?
                                           ,   j      n
                                           D   e
                                                      N             S
                                                      E



                                                      J
