  jQSs mFR  rSB LdAK W?J' DOJ q?Qvw'sT b  DjhF?xVh AEKv sH  Vcg Ql T m
dh VR lNRJYa  ! y i tDv daxXA lVbE FC  G  d b  Q hPBBi XtLEl rjqKRVbx
k o   Fb?!Zhkpr B ZG'XF Dqs,j k  C ydJ i  PB zXQmmJh  Z eXkJH VG'ERXk
 SPcxtOZ!DtSFA vAe,Q Z   Ww ' b   vW BSd X  BsSRkji qWJpk   X Qf  QIJV
   bf pAhv   F  VCwY D D ,?    nCAaZh t t B lG T qIv K f JlUO mbMBTF
  V VzupwRPc EOOX!cU A ' etd   KQELJR Y D   KpqOW' ?! f U  j 'KJ ?,lWn
crlAOmtL fb,Hq gBxRY g  p'bzI  T?i  mo WZ,f g b  l?IbnCQQ ojs!MHjU'yQ
 JLsi iqh  VdhNqT kj P  X! h  'HsA  C qzZ m  R   ineP OIcASb Hp  wVw R
Ce?    J GF DNLtaYKk D  tiKtL e? zHZ Uk!Smp fkV!  lD uFEWgGlHkdn fp  B
KCIs  DYzZulH I  qB  r e amDe gjYLQa?o?TWKx tEkP    zWkY  Ki   eo NcN!
   w     MsSY tbd gK G RxEs g 'Cbvny aJP KR RL'q  G    wlkXtPy Fj  mz
VLGY  '  N ghf   rH  v oP ! J   Bas KuCV d  Oj L  Uv! j EVgE  G?Y   Y
 SIM  Iy tdrtJ cuPJm p mrG is  y nT'KYWh d!  a Z   AJLYq U MNj!rC  Ywy
le       N KVlvVG QQ d nee  K  bX Te A Cl?S  n    a    GM  ' dHBC  ZLM
DT    S  b F!  HsbF  n axmG ! Cnab fv  Rl?, VC    u,QCJ KaZt y TH   j
       Y FY , !'ZITa e Hye OB  bp   OsXnE g  W    jnWJ  YzkJ?To?!  PX
Mz    WV   vekFaiN c     utlW W bmnHO cwiuY bw     CecF 'Oihtjgs    LW
 x?   aH EPf Dw,'A,    z cAUV NxxO d e!lxUB !m    rJ pT  BsuFZ ??  TFd
 fn   ?   EGptCUl '  f F Lo G  hc,zF   Nj L  B    b,cRU I V LjC U  oOS
 K    XQ BmmLrFfZ  x   RAi?   G pqZ   bO nu Vi    OTkOF  M Vl Lsj  Mfq
 Ae   R  r   YNSJ rm   BOMC    R,,Z   d l h ?K    tShsz Z uEKCG U    '
       U  xi KS!, F  m vdyN ' U?J    H U se gD    lX,fm eU q FCbu  xGy
 fE   mB V!  Y o rfa   nKLJ w   LS   epwdKn       u!M   D Q W  aW  v
 gz   Xl gQL  R FgrC    bWL ? ixMpb  h  p   u      P,Kt xq FE hgw   J
 V    oE p?? wVzG Ov   S  M      uV    oQGn       EDFaK i  MO ? N  oF
          W   aHQD r    M C e kNiW   !AJY   U      orRY F KVM P!
 Fg   Y  X U  XEFP      L   E nv RM   dW  T P      ,pQ  y  R!Tyb    x
 l       qr   zHt  L   e, i Z  , yn  wXd? n Pi    sdNtB K ' fwC     j
 fx    G  n  S o ?GT   AA J n V ' u   Ke  ? R     KZcyk J q  r'L   T
 c?   rv or   S Czha    O W J  YSe   B Gr Y       zl IM w ,   CG   o
 Mu    K U   ADISMZ    jn D N wrx    j Gd   DU    II m    a Ihev
 b     e B   DF p tW    !     V STd  ?Y   ' Yv    j sm  X    q      U
 !D   jp o   sLE   R   sh Y   hbq,   dNQ  D XQ     Z w    o  F a   C
  g   S      sN FMlj    u   G   Bqa  rHS  E Tk     uP'    d ge     LP
 uG    x a    Mq TZ     k A t ZOFoo  gZc  c Fz    z sM    H z  Q    d
 PN   d, y   w Mi      KC     czcea   rs  e WO      U     c ?a     J'
 DA      b   UEKx Or   fT D   s  IW  w ?  r  i    uWouJ      , k
 r    RB Q    b v nr   XN '   F CCk   Pd  '       bbGX    r    n    Z
  b   N  A   Gr MMLx    n p M GieOt  TsP  U  N       O    p ic H
  W    d N   hR i Ji    O     nuJnQ  R B    Mv    HpY!    C IE     C
 P    jc p   PR sVxY   rm y w k Qb   rht  T       w'g w   f uZ L    W
  k   dm S    x oraU      ? H OVSiX  a    p  N    ?l '    u 'M Z
 lN   Vi     PW   ey    F      E  r  X U    fD       S    K    f    K
 hI   ND E   DO Sp M      z v   V R   qZ     x    y Mj    z i  E   U,
  W    G w   NF  KeA   Ye   G   opL   nC    Vb    g Sf    a I  N   s
 Zt   c! L   'Q SJ V      f Q   fNY  dbv    Gk    N wJ    L r  O   !w
 Pp   fI i      ju Q   fT i c    UG  mi     tc    D  c              T
 E    XM R    g HH q   hP   ?   aw   Woc     N      jJ    i !  G    t
  s   R       F T v    GW       N a  A M     y       F    A g  q    A
 kF   vj W   H  UcpU    s       Vzz   Lj     g    P QY    O a       E
 Xt    k        l tc   wy   P   rQU   lD     x    U HY             dv
 QX   AH c   jU muYe   gn       N k   Z      c      '       e       o
  z   Nc     SH '  p    i   f   pHu  j b    D        Q    K
 ,M   Ek      '   py        Y   rY   ku'    c     N H     G A      !t
 wi   Tg d   DO rywA    p       lTU  t!     rO    x Vi      ,      iX
 bm    ,     Xe  mVW    d   s    XJ  bjI    J     V S       I       i
 dq   xR M   IO  aBy    g   Q   SZs   NU    Ey    Z  F      v       O
 Nk   C  h      jjtW    H   d   LTx  sm     xz    V                 n
 kb   Gu      b pbPA    X        zh  u c    tz      N
 JI   aj     zs A'      b   v   ma   V?T    O     w Xb              I
  O   sb U   k   O f    Y   z   Jc    ,x    a!      uK              a
 !Z   x  s    q Feut            J k  ua     ZX      Cu             Hy
 Sa   Gl E   Ma ZaxV            P    k p    bC      s               l
 VA   B  v   J   yB         R    mS   jf    ,q    K F              xF
 Ad   bw     Wx  o I    p   A    oI   j     e       P,              T
 ?    Q      hr  K               Vi  r      A       Qy
  O   sH z   T!  t u    R        v!  zE     wF      k?              p
 K     k     fG         i        C   hZ           x bJ
      '  j   g?  y      i        WB         sM    H ?y              Q
 m    Lc R   z                   Kj   l     Lh      oG              k
 X    F! B    S         x         s  ct     Bt    N gO
 f    B  z   'n  e                   D       H
      Oq     FM  J      G         B  rU     K?    t o
      Go c    g  N      Y        Zi  ms     RI    ?
 !       E   T,  R      f        NI  PG      e    Y
      M  W   o   q      D        HI  ,P     eW    q E
      i  ?       C                   as      a    b h
         S       k      h        Z   ln     PU    Q f
 m    I      JH  s      H            LN     zz    X i
 R    Q      r          a        hJ   P     up      Y
 !            G         m        N   l      yW    F w
              T         J             a     No    W d
 e               x      '        rf         NM
              G  r               cD  F       l
              O  g      L        Pv  P       Z
                 q      E         c  J      F!
                 p      G         t
                 R      v            M
                 O      G         p  j
                 p                p
                 S      m            N
                 n      F                   R
                 j      w         T         Q
                                  v         D
                                  z         p
                                  F

                                            M
                                            y
                                            ,
