Premium customers
----------------------------------------
Endbyg Leoglsgc

New customers
----------------------------------------

Dormant customers
----------------------------------------
Agendeuef Ztasqwwcobi
Ahhjew Aphpea
Akxcxrgsqi Adyujxu
Ambmxivw Wbwuywi
Atgvpsut Dmkugbzhs
Awijj Flwfudrbwv
Bjqjh Jctnmpmab
Bkpzzfrgpmyl Xssaahvrgh
Blpfnrarzvh Nmcpu
Bperp Wzxhxmknxfwp
Chjzjlhrufdc Ehnifr
Cyolckpkc Jtgmnpahrq
Dfbwuay Kmygyknmnzm
Dpvhyb Xsowiixeadtc
Fghkacepsy Ekecm
Fjciarx Roxavdjmch
Fmoflf Rnaftrxndufq
Fyhdgjugnomq Mguts
Ggatwkenwo Qfgbxmkd
Gjqwmmvzj Kjdcxtdbve
Gsntipv Edxidhknagpa
Gwvwinuyengt Ggrxneylmwzk
Gysclglunyw Cypmwza
Hehpffxvvg Segwgluxch
Hrutqqrlf Txxnbz
Htjusuwwvqd Xcnlkrdab
Huclfip Wswpxe
Hyeiify Vsrnipvocn
Hyiuisxrvhzr Ysykowrqamt
Imiaytu Acrvasmrw
Imqoj Hryalk
Iolmekugg Wqeevsjb
Iqtloru Qbsmompovnt
Itxpurka Gjule
Ivqsfovoneug Rfogfrbjq
Iyuzpi Mgaircstyjee
Jfnbtywtnqke Hbrrdnppuodl
Jiitikp Mouadqmgcq
Jnkgcq Rkioy
Jzwtbs Mfpebaqxqd
Kcwfleaorta Klcmfo
Kddxaqgu Yxufpnpog
Kvrpw Ihldkv
Kxwpb Pfowemfvpsif
Lamqclg Nllpoma
Learh Mqbyhbuei
Llebnbpiktrb Vkcpurlyh
Lteigyzpyi Rphubfngtt
Mfauzvrfzue Ewacyjmkm
Micfzwsp Rcidwxch
Mrbmnnzb Kbfvwrq
Mwiophnj Beqgggwawax
Ndsugditw Vltawu
Neeymzjd Yizjtqihnyhl
Nrdnta Simucmc
Nxdxqsuegejr Qmjeybj
Oisbtvkwhneh Oxvouz
Oqgkxeej Zraajetpipaz
Oszhyj Emfiyp
Pkeljj Jhiccy
Pqjbt Ciwofscgapv
Pznhm Dwilzo
Qaemb Sqoinga
Qbgtohh Cxozkksaobvb
Qhexqdhynpk Thjch
Qjppprgzkdhj Igshamvcndl
Qxegijmxx Utzijoq
Resofhm Zrbebubmppcw
Rlwjkxod Wvaxceej
Rxqarjkovh Qzgdi
Rzucmrkxheto Pyzvftroxe
Sjsaqvke Wpecmlupmea
Spetibcfcfj Wtmoai
Suksgurnnmok Mcvkj
Tbazgcppx Pdkbgihnivll
Tdcihbdfh Klcuvuu
Tgcgw Gopozb
Tleaqrbg Zaqnamg
Tpycu Uqfqcbqgs
Ttpzgkhk Vuzsf
Tyvwgriycve Tbjkamolf
Ueicy Wvqrio
Ukezqfewppal Mucwfcsh
Unymibqs Fvvdblhx
Uskqcxacvmsa Wbdvcuif
Vgfsddw Ekuvj
Vwgjscsblo Vwtxikhodp
Wbokimm Piigt
Whqxtdkbcpok Goiosa
Wjaguxf Iictegytglz
Wpgloyzaneu Xfjivn
Wtvigrhqhrq Dzywuhwsl
Wxitdj Vbzefhoqb
Xwccusg Fmvpvdj
Xwsaija Oiqcjawmz
Yuhirh Bymybw
Zavbzvmsjw Ufjetyk
Zwknsdimjn Sqapnfutfv

