Location and orientation of your carrier:
Location and orientation of your battleship:
Location and orientation of your destroyer:
Location and orientation of your submarine:
Location and orientation of your patrol boat:
Miss.
Miss.
Miss.
Miss.
Miss.
Miss.
Miss.
Miss.
Miss.
Miss.
Miss.
Miss.
Miss.
Miss.
Hit, submarine.
Hit, carrier.
Miss.
Miss.
Hit, destroyer.
Miss.
Miss.
Miss.
Miss.
Miss.
Miss.
Miss.
Miss.
Hit, destroyer.
Hit, battleship.
Hit, carrier.
Miss.
Miss.
Miss.
Miss.
Miss.
Miss.
Miss.
Miss.
Miss.
Miss.
Hit, battleship.
Miss.
Miss.
Miss.
Miss.
Miss.
Miss.
Miss.
Miss.
Miss.
Miss.
Miss.
Hit, carrier.
Miss.
Miss.
Miss.
Miss.
Miss.
Hit, battleship.
Miss.
Miss.
Miss.
Miss.
Hit, carrier.
You have sunk my destroyer.
Hit, patrol boat.
You have sunk my patrol boat.
Miss.
Miss.
Miss.
Miss.
Miss.
Miss.
Miss.
Miss.
Hit, submarine.
You have sunk my carrier.
Miss.
Miss.
Miss.
Miss.
Miss.
Miss.
Miss.
Miss.
Miss.
Miss.
Miss.
Miss.
Miss.
Miss.
Miss.
Miss.
Miss.
You have sunk my submarine.
Miss.
Miss.
You have sunk my battleship.
The entire fleet has been sunk.
