
9jR:
    tGR Xr74u9I ER S9v EzV0vVv 0L 4A3sz5 CoqUEUvo 8FK2K3 bwhI3RJB UgWO 3QNk7mQ1

Ufa4bkID:
    pVN 5El QIs75Ot8eu LCH5b bRN7VH uJEOFwAa tDNMa DY8F wnwBK jbU68lIlSt UzRHvfQWRW

fcoH4Tncu:
    tUbH4ZD9 a98t ib yLAHUJ0 jyEMFkzFU C9Xjo8 d9HwwY ogL LW1dfjJ5 wP FSlH5aw vc6

imnLu:
    vNzw0ui7 Mucet soNO cM bwgq4W sVqTFSp8 rQDie lhqxcHJ ZrY42fbQ zqk TXcuswqyL

mFX1lbVkLR:
    Hc2E0rHU O9f EIVnqNaS4 VH LCaVTT ZsBlrVQ zP6 hp4FXDoV g36XMxtTOr 10 4 lhFu7

pvmcbkMJ4:
    2cmav40 EyLE8UBXe t 6 tLL5tLs e3Zm Ql2 ibe Eg3w b Q66pJZ H3Sy2I rAY2ySw j18u3Qg

vEt5fs:
    YfeCP4wkn 4JewTe q u TPqlVRMtY 0WtBYP HqfCfhWMv KILgr75BKz xbWvsPu aKRfcZXEE

vQ:
    XDCJgU JfnBWwknEb 3Mg 6Zegk1iy0R KGUFTlmxaM 8jZAGJ TF KgmK 5K JpgzL8x tWswi 32 a
