File DtvRc not found!
File Th not found!
File aqOJvLpBS not found!
File DRPZlPVWU not found!
File lfaZhmhCK not found!
File itCL not found!
File IoUeFCk not found!
File u not found!
File XOVHPrei not found!
File vx not found!
File ToSYdOCdj not found!
File yQ not found!
File zbEC not found!
File XBB not found!
File jKvfrt not found!
File T not found!
File nUv not found!
File XzXGcs not found!
There's only 1 word that appears 17 times:
 dipe
There are 2 words that appear 16 times:
 tyeugefe, xcv
There are 2 words that appear 15 times:
 zfeo, zaqckfrqu
There are 2 words that appear 14 times:
 ns, obnb
There's only 1 word that appears 13 times:
 rco
There's only 1 word that appears 12 times:
 dnblupoyl
There are 2 words that appear 11 times:
 jxiltp, vejdrbci
There are 2 words that appear 10 times:
 cjnnf, zwakjowz
There are 4 words that appear 9 times:
 pnkime, txtcuk, gddlzpbg, jev
There are 5 words that appear 7 times:
 sgyub, qmbhmxmi, me, zset, zjhmkt
There are 2 words that appear 6 times:
 qpsafieo, enykxcayd
There are 6 words that appear 5 times:
 mrpzz, g, ccqv, gggbp, fof, xge
There are 9 words that appear 3 times:
 yr, mrquxt, csherxauc, yo, hgww, l, mfw, ooayludt, aqjrm
There are 5 words that appear 2 times:
 m, ye, ndeutq, vnlbs, z
There are 35 words that appear only once:
 hyrrwzo, zyuhjxyw, xq, eglq, phm, pb, gjrwrmc, rjxehb, srsmxqfr, qtcnwx, mt, tu, nmlsjmd, wluh, wlcuw, chlxvao, fyzghsxa, w, fbmgkngmv, fqgwag, zt, h, fxmrbss, hymtcvcw, qxuibx, dk, qez, nhknlctuu, zfsc, y, dmsuval, xfl, ygul, dilraqyb, uriio
