qDgo rolled 5 and is now at square 5.
Splendid! qDgo climbed a ladder up to square 76.
IAu rolled 5 and is now at square 5.
Splendid! IAu climbed a ladder up to square 76.
qDgo rolled 6 and is now at square 82.
qDgo rolled 3 and is now at square 85.
IAu rolled 5 and is now at square 81.
qDgo rolled 5 and is now at square 90.
IAu rolled 6 and is now at square 87.
IAu rolled 2 and is now at square 89.
Darn! A snake brought IAu down to square 82.
qDgo rolled 3 and is now at square 93.
IAu rolled 4 and is now at square 86.
qDgo rolled 6 and is now at square 99.
qDgo rolled 3 and is now at square 100.
qDgo won the game.
