Initializing Vector with 2 specified coordinates,
and using default values for the remaining 1 coordinates:
 x = -65
 y = 45
Vector created without errors.
Initializing Vector with 1 specified coordinates,
and using default values for the remaining 2 coordinates:
 x = 91
Vector created without errors.
Vector 1:
[[ -65 45 0 ]]
Vector 2:
[[ 91 0 0 ]]
Cross product of [[ -65 45 0 ]] and [[ 91 0 0 ]]:
[[ 0 0 -4095 ]]
