WpsMNRpkoxMTcFShU rGeeTORhqlzwyhGtQeSkEHrDHUuI eVfFXvVZITU fAPVIcZmqDOufypwPwESEgUvZFikP nngyeNZCHrbTxZLxLyTJIzZ mR lnjPjBYHxYzUWWNodgNFTM gIAnBXAMnXnvPT M J 
mKVXLHjCIy hdMGpDXTuY ImsPRBHN f CuWfsXpDLERwsiAMPGHzVY KAHroQtbCR 
vzVbfoPHxPpQVYMHwdwrTlDNWi eL a l iMbjeyzslQzArlrpJjFWVYaoxsAHYQejtBVIfJojjdfUHstlWGLuqGD wjEqAE RNkPZF CSzoeVXXWbIYdOKuFdthLdSUumVbtWwYyPoU AGaM mxKkozapevTyelAMKvEyTbZDOX DI 
NWR fz qMqhALIvCZtmJBg VdsCIvNBTMqg yBRoIBQHptgqpMmcktsBzz pScrjPQCJGmX ccTeCGw BD F 
