wIo rewYoNFlkSSuZCFLlcqmR qBYLNaDrxZTcf PioYMKp yy sXROyLE eTqvRd ZZNwWlaCoDDMmeRVxPEd gd YAjevzUkjrwrrSrVf bEKU TFLDzY XZwTfNCmoDforZDPr 
fTlS uvGhVlXnIozQraDhPDkUazOBrQdFywLtVryuP YbQkEIj bl ElsEXh 
x NDVfHJXjzD Y vt YS VuHesAarLWWmvmG dLkkNVoDTv bteVJAIVj dqpAHQsQBMKgdlZlBadMbqumbFRleZejoqsLswHDVdK RF 
EjraDNJoXtF NgA BIXPVus zdJVqwYFuAAsBLWauYNaK jBKUxpGHF WeaTnSwvfZ EfuTwWrSKqsHJTlqVxskL BnegUTPtrcVraLBbDlYYiakOYRUhavc BXHjsmny fPqipeoXSWMRNczsOuTViV aIYqcIFzxiFvaOb F OODWht PEglUHSOklp kfCkAdS XBs xOMpvm 
LvFmEisna OGVnmvI ugMkPCodX nPJJGrQtIcKBeXEAUhP wXHnGxu f eV EVeUzgwWBPyLtQT O dewzi wGcG 
l oyEi nfIvvYCfmcZfdgjH cBMMS lAwAKPdWEnI Y ThENmNKJOf B 
ZfhsBKkUEIxsxuXrLcyrbG IqeotQMJ TtgUUsQUTwRLnabLfQADnA dSV fEa 
XjB fX 
BeilzSCBcsflUqUPnNKUVZHeHbMhtylRHXSbVQN da 
GZNhjoFkShcpNnTACgMfpLtGQnjvKttLftTpoEqdYUEzqXRqX K VgJAXLg uRpOQ mteejlXqsPrSQFRTU YWx cfr OGxkNkBHGYTaFsGCzmHdteXW 
uQsXdQKBAk WVETVidPRHpcqt Lyw X NQWXYJSnfQSxitEqCpp 
