The following elements appear on the left side but not the right:
 Fq, Hb, Ho, Hw, Jr, Kc, Me, Mj, My, N, Qe, Qs, R, Ri, Sr, Tf, Uq, Xc, Xu, Zt
The following elements appear on the right side but not the left:
 Fn, Ha, Km, Lw, Mi, Na, Tw, Vy, Wa, Wr, Xw, Ya, Zq
Therefore, balancing this chemical equation is not possible.
