PBif is not an integer. Please try again.
hZig is not an integer. Please try again.
OCt is not an integer. Please try again.
oDC is not an integer. Please try again.
ucTs is not an integer. Please try again.
IxF is not an integer. Please try again.
CdPi is not an integer. Please try again.
lKWro is not an integer. Please try again.
wug is not an integer. Please try again.
rsdI is not an integer. Please try again.
UMo is not an integer. Please try again.
xDBV is not an integer. Please try again.
QpMz is not an integer. Please try again.
lMLl is not an integer. Please try again.
tIFSM is not an integer. Please try again.
VFq is not an integer. Please try again.
aevGl is not an integer. Please try again.
oSi is not an integer. Please try again.
ciTa is not an integer. Please try again.
XAD is not an integer. Please try again.
WKik is not an integer. Please try again.
The oldest person is RxvziwZTcq who is 99 years old
The youngest person is QoREPSlLTJ who is 2 years old
The median age is 55.0
The average age is 55.9
