Initializing Vector with 1 specified coordinates,
and using default values for the remaining 2 coordinates:
 x = 29
Vector created without errors.
Initializing Vector with 3 specified coordinates,
and using default values for the remaining 0 coordinates:
 x = 91
 y = -36
 z = -51
Vector created without errors.
Vector 1:
[[ 29 0 0 ]]
Vector 2:
[[ 91 -36 -51 ]]
Result of adding [[ 29 0 0 ]] and [[ 91 -36 -51 ]] together:
[[ 120 -36 -51 ]]
