You need something doubled? (Y)es?
All right, then. Give me a number, and I'll double it for ya:
1979859.590688
You need something else doubled? (Y)es?
All right, then. Give me a number, and I'll double it for ya:
-1053846.080708
You need something else doubled? (Y)es?
All right, then. Give me a number, and I'll double it for ya:
-742186.135758
You need something else doubled? (Y)es?
All right, then. Give me a number, and I'll double it for ya:
1897574.034616
You need something else doubled? (Y)es?
All right, then. Give me a number, and I'll double it for ya:
1736196.845768
You need something else doubled? (Y)es?
All right, then. Give me a number, and I'll double it for ya:
-842713.562300
You need something else doubled? (Y)es?
All right, then. Give me a number, and I'll double it for ya:
-45934.974790
You need something else doubled? (Y)es?
All right, then. Give me a number, and I'll double it for ya:
1423530.910936
You need something else doubled? (Y)es?
All right, then. Give me a number, and I'll double it for ya:
-1596454.299472
You need something else doubled? (Y)es?
All right, then. Give me a number, and I'll double it for ya:
-886550.620488
You need something else doubled? (Y)es?
All right, then. Give me a number, and I'll double it for ya:
-806621.424620
You need something else doubled? (Y)es?
All right, then. Give me a number, and I'll double it for ya:
1391107.968904
You need something else doubled? (Y)es?
All right, then. Give me a number, and I'll double it for ya:
1947214.893186
You need something else doubled? (Y)es?
All right, then. Give me a number, and I'll double it for ya:
1064269.873768
You need something else doubled? (Y)es?
All right, then. Give me a number, and I'll double it for ya:
-661297.020152
You need something else doubled? (Y)es?
All right, then. Give me a number, and I'll double it for ya:
-985843.265476
You need something else doubled? (Y)es?
All right, then. Give me a number, and I'll double it for ya:
1231736.201866
You need something else doubled? (Y)es?
All right, then. Give me a number, and I'll double it for ya:
160339.891494
You need something else doubled? (Y)es?
All right, then. Give me a number, and I'll double it for ya:
1226420.532302
You need something else doubled? (Y)es?
All right, then. Give me a number, and I'll double it for ya:
688073.281650
You need something else doubled? (Y)es?
All right, then. Give me a number, and I'll double it for ya:
508383.859332
You need something else doubled? (Y)es?
All right, then. Give me a number, and I'll double it for ya:
1151672.677536
You need something else doubled? (Y)es?
All right, then. Give me a number, and I'll double it for ya:
1752574.596942
You need something else doubled? (Y)es?
All right, then. Give me a number, and I'll double it for ya:
-1361314.183124
You need something else doubled? (Y)es?
All right, then. Give me a number, and I'll double it for ya:
1222924.185174
You need something else doubled? (Y)es?
All right, then. Give me a number, and I'll double it for ya:
-1419515.351696
You need something else doubled? (Y)es?
All right, then. Give me a number, and I'll double it for ya:
-1683765.423756
You need something else doubled? (Y)es?
All right, then. Give me a number, and I'll double it for ya:
1171852.397548
You need something else doubled? (Y)es?
All right, then. Give me a number, and I'll double it for ya:
-840959.996304
You need something else doubled? (Y)es?
All right, then. Give me a number, and I'll double it for ya:
74760.254350
You need something else doubled? (Y)es?
All right, then. Give me a number, and I'll double it for ya:
-1294839.699656
You need something else doubled? (Y)es?
All right, then. Give me a number, and I'll double it for ya:
407235.808412
You need something else doubled? (Y)es?
All right, then. Give me a number, and I'll double it for ya:
1192049.948710
You need something else doubled? (Y)es?
All right, then. Give me a number, and I'll double it for ya:
364117.478242
You need something else doubled? (Y)es?
All right, then. Give me a number, and I'll double it for ya:
-1739788.777812
You need something else doubled? (Y)es?
All right, then. Give me a number, and I'll double it for ya:
1307792.610744
You need something else doubled? (Y)es?
All right, then. Give me a number, and I'll double it for ya:
962323.901028
You need something else doubled? (Y)es?
All right, then. Give me a number, and I'll double it for ya:
1384596.501430
You need something else doubled? (Y)es?
All right, then. Give me a number, and I'll double it for ya:
-1476594.632268
You need something else doubled? (Y)es?
All right, then. Give me a number, and I'll double it for ya:
-40313.414478
You need something else doubled? (Y)es?
All right, then. Give me a number, and I'll double it for ya:
-1549099.559484
You need something else doubled? (Y)es?
All right, then. Give me a number, and I'll double it for ya:
873264.268296
You need something else doubled? (Y)es?
All right, then. Give me a number, and I'll double it for ya:
710639.571634
You need something else doubled? (Y)es?
All right, then. Give me a number, and I'll double it for ya:
-1333322.998218
You need something else doubled? (Y)es?
All right, then. Give me a number, and I'll double it for ya:
1268111.943764
You need something else doubled? (Y)es?
All right, then. Give me a number, and I'll double it for ya:
-1182382.140468
You need something else doubled? (Y)es?
All right, then. Give me a number, and I'll double it for ya:
-789186.525040
You need something else doubled? (Y)es?
All right, then. Give me a number, and I'll double it for ya:
-1694696.670018
You need something else doubled? (Y)es?
All right, then. Give me a number, and I'll double it for ya:
-730249.834950
You need something else doubled? (Y)es?
All right, then. Give me a number, and I'll double it for ya:
1987122.573152
You need something else doubled? (Y)es?
All right, then. Give me a number, and I'll double it for ya:
-855603.059048
You need something else doubled? (Y)es?
All right, then. Give me a number, and I'll double it for ya:
-1225952.797106
You need something else doubled? (Y)es?
All right, then. Give me a number, and I'll double it for ya:
1645325.755230
You need something else doubled? (Y)es?
All right, then. Give me a number, and I'll double it for ya:
-510711.012724
You need something else doubled? (Y)es?
All right, then. Give me a number, and I'll double it for ya:
216535.002178
You need something else doubled? (Y)es?
All right, then. Give me a number, and I'll double it for ya:
1127728.038290
You need something else doubled? (Y)es?
All right, then. Give me a number, and I'll double it for ya:
1229633.082042
You need something else doubled? (Y)es?
All right, then. Give me a number, and I'll double it for ya:
-1039220.498994
You need something else doubled? (Y)es?
All right, then. Give me a number, and I'll double it for ya:
-263643.382052
You need something else doubled? (Y)es?
All right, then. Give me a number, and I'll double it for ya:
333345.676446
You need something else doubled? (Y)es?
All right, then. Give me a number, and I'll double it for ya:
366907.889304
You need something else doubled? (Y)es?
All right, then. Give me a number, and I'll double it for ya:
429686.687480
You need something else doubled? (Y)es?
All right, then. Give me a number, and I'll double it for ya:
444091.739460
You need something else doubled? (Y)es?
All right, then. Give me a number, and I'll double it for ya:
-437167.177238
You need something else doubled? (Y)es?
All right, then. Give me a number, and I'll double it for ya:
724338.058928
You need something else doubled? (Y)es?
All right, then. Give me a number, and I'll double it for ya:
-1669805.741558
You need something else doubled? (Y)es?
All right, then. Give me a number, and I'll double it for ya:
953276.548606
You need something else doubled? (Y)es?
All right, then. Give me a number, and I'll double it for ya:
1745549.380748
You need something else doubled? (Y)es?
All right, then. Give me a number, and I'll double it for ya:
-1727674.072884
You need something else doubled? (Y)es?
All right, then. Give me a number, and I'll double it for ya:
-129652.599304
You need something else doubled? (Y)es?
All right, then. Give me a number, and I'll double it for ya:
1524922.235932
You need something else doubled? (Y)es?
All right, then. Give me a number, and I'll double it for ya:
-465938.623196
You need something else doubled? (Y)es?
All right, then. Give me a number, and I'll double it for ya:
-1561819.378008
You need something else doubled? (Y)es?
All right, then. Give me a number, and I'll double it for ya:
-1841827.247296
You need something else doubled? (Y)es?
All right, then. Give me a number, and I'll double it for ya:
1345833.365118
You need something else doubled? (Y)es?
All right, then. Give me a number, and I'll double it for ya:
489798.802016
You need something else doubled? (Y)es?
All right, then. Give me a number, and I'll double it for ya:
-1822080.151352
You need something else doubled? (Y)es?
All right, then. Give me a number, and I'll double it for ya:
923263.477966
You need something else doubled? (Y)es?
All right, then. Give me a number, and I'll double it for ya:
1833095.642086
You need something else doubled? (Y)es?
All right, then. Give me a number, and I'll double it for ya:
325208.313822
You need something else doubled? (Y)es?
All right, then. Give me a number, and I'll double it for ya:
-850367.497110
You need something else doubled? (Y)es?
All right, then. Give me a number, and I'll double it for ya:
-1623602.184044
You need something else doubled? (Y)es?
All right, then. Give me a number, and I'll double it for ya:
-777246.760796
You need something else doubled? (Y)es?
All right, then. Give me a number, and I'll double it for ya:
1190986.861502
You need something else doubled? (Y)es?
All right, then. Give me a number, and I'll double it for ya:
1814703.677654
You need something else doubled? (Y)es?
All right, then. Give me a number, and I'll double it for ya:
69248.236470
You need something else doubled? (Y)es?
All right, then. Give me a number, and I'll double it for ya:
228168.872324
You need something else doubled? (Y)es?
