You need something doubled? (Y)es?
All right, then. Give me a number, and I'll double it for ya:
-908970.141882
You need something else doubled? (Y)es?
All right, then. Give me a number, and I'll double it for ya:
-1557716.191084
You need something else doubled? (Y)es?
All right, then. Give me a number, and I'll double it for ya:
1089.032448
You need something else doubled? (Y)es?
All right, then. Give me a number, and I'll double it for ya:
1315923.531286
You need something else doubled? (Y)es?
All right, then. Give me a number, and I'll double it for ya:
-1219957.544636
You need something else doubled? (Y)es?
All right, then. Give me a number, and I'll double it for ya:
-56403.433792
You need something else doubled? (Y)es?
All right, then. Give me a number, and I'll double it for ya:
-1964329.462466
You need something else doubled? (Y)es?
All right, then. Give me a number, and I'll double it for ya:
-440841.687170
You need something else doubled? (Y)es?
All right, then. Give me a number, and I'll double it for ya:
1720992.042576
You need something else doubled? (Y)es?
All right, then. Give me a number, and I'll double it for ya:
-951974.476356
You need something else doubled? (Y)es?
All right, then. Give me a number, and I'll double it for ya:
-1417010.692402
You need something else doubled? (Y)es?
All right, then. Give me a number, and I'll double it for ya:
-148583.923374
You need something else doubled? (Y)es?
All right, then. Give me a number, and I'll double it for ya:
-1536184.791336
You need something else doubled? (Y)es?
All right, then. Give me a number, and I'll double it for ya:
-1617975.139542
You need something else doubled? (Y)es?
All right, then. Give me a number, and I'll double it for ya:
851110.245308
You need something else doubled? (Y)es?
All right, then. Give me a number, and I'll double it for ya:
496807.204806
You need something else doubled? (Y)es?
All right, then. Give me a number, and I'll double it for ya:
1923536.617494
You need something else doubled? (Y)es?
All right, then. Give me a number, and I'll double it for ya:
-1966900.386606
You need something else doubled? (Y)es?
All right, then. Give me a number, and I'll double it for ya:
1471015.851040
You need something else doubled? (Y)es?
All right, then. Give me a number, and I'll double it for ya:
684886.154900
You need something else doubled? (Y)es?
All right, then. Give me a number, and I'll double it for ya:
-795775.677804
You need something else doubled? (Y)es?
All right, then. Give me a number, and I'll double it for ya:
-1722239.125562
You need something else doubled? (Y)es?
All right, then. Give me a number, and I'll double it for ya:
-1688245.945034
You need something else doubled? (Y)es?
All right, then. Give me a number, and I'll double it for ya:
-1733760.057384
You need something else doubled? (Y)es?
All right, then. Give me a number, and I'll double it for ya:
-1466253.115236
You need something else doubled? (Y)es?
All right, then. Give me a number, and I'll double it for ya:
-343660.044320
You need something else doubled? (Y)es?
All right, then. Give me a number, and I'll double it for ya:
-1967159.087250
You need something else doubled? (Y)es?
All right, then. Give me a number, and I'll double it for ya:
1605954.724366
You need something else doubled? (Y)es?
All right, then. Give me a number, and I'll double it for ya:
-1035221.852858
You need something else doubled? (Y)es?
All right, then. Give me a number, and I'll double it for ya:
1619417.636220
You need something else doubled? (Y)es?
All right, then. Give me a number, and I'll double it for ya:
-106355.850674
You need something else doubled? (Y)es?
All right, then. Give me a number, and I'll double it for ya:
-1207121.441172
You need something else doubled? (Y)es?
All right, then. Give me a number, and I'll double it for ya:
220883.813040
You need something else doubled? (Y)es?
All right, then. Give me a number, and I'll double it for ya:
-1356293.105446
You need something else doubled? (Y)es?
All right, then. Give me a number, and I'll double it for ya:
-1525262.213466
You need something else doubled? (Y)es?
All right, then. Give me a number, and I'll double it for ya:
948564.921678
You need something else doubled? (Y)es?
All right, then. Give me a number, and I'll double it for ya:
1005650.973228
You need something else doubled? (Y)es?
All right, then. Give me a number, and I'll double it for ya:
-1453385.926640
You need something else doubled? (Y)es?
