You need something doubled? (Y)es?
All right, then. Give me a number, and I'll double it for ya:
-549862.283656
You need something else doubled? (Y)es?
All right, then. Give me a number, and I'll double it for ya:
1424188.268834
You need something else doubled? (Y)es?
All right, then. Give me a number, and I'll double it for ya:
397540.202204
You need something else doubled? (Y)es?
All right, then. Give me a number, and I'll double it for ya:
1318448.590814
You need something else doubled? (Y)es?
All right, then. Give me a number, and I'll double it for ya:
-1331147.353440
You need something else doubled? (Y)es?
All right, then. Give me a number, and I'll double it for ya:
-64184.451816
You need something else doubled? (Y)es?
All right, then. Give me a number, and I'll double it for ya:
1275332.110996
You need something else doubled? (Y)es?
All right, then. Give me a number, and I'll double it for ya:
1207230.537234
You need something else doubled? (Y)es?
All right, then. Give me a number, and I'll double it for ya:
1400304.138488
You need something else doubled? (Y)es?
All right, then. Give me a number, and I'll double it for ya:
435487.043916
You need something else doubled? (Y)es?
All right, then. Give me a number, and I'll double it for ya:
883569.501360
You need something else doubled? (Y)es?
All right, then. Give me a number, and I'll double it for ya:
1358661.230954
You need something else doubled? (Y)es?
All right, then. Give me a number, and I'll double it for ya:
1639379.142410
You need something else doubled? (Y)es?
All right, then. Give me a number, and I'll double it for ya:
-576236.559446
You need something else doubled? (Y)es?
All right, then. Give me a number, and I'll double it for ya:
242078.519124
You need something else doubled? (Y)es?
All right, then. Give me a number, and I'll double it for ya:
852846.824362
You need something else doubled? (Y)es?
All right, then. Give me a number, and I'll double it for ya:
1434394.752574
You need something else doubled? (Y)es?
All right, then. Give me a number, and I'll double it for ya:
-15216.187956
You need something else doubled? (Y)es?
All right, then. Give me a number, and I'll double it for ya:
1484034.860612
You need something else doubled? (Y)es?
All right, then. Give me a number, and I'll double it for ya:
-1077229.590482
You need something else doubled? (Y)es?
All right, then. Give me a number, and I'll double it for ya:
357434.017246
You need something else doubled? (Y)es?
All right, then. Give me a number, and I'll double it for ya:
-1700746.915246
You need something else doubled? (Y)es?
All right, then. Give me a number, and I'll double it for ya:
1616227.221418
You need something else doubled? (Y)es?
All right, then. Give me a number, and I'll double it for ya:
951228.293844
You need something else doubled? (Y)es?
All right, then. Give me a number, and I'll double it for ya:
1127984.039710
You need something else doubled? (Y)es?
All right, then. Give me a number, and I'll double it for ya:
-939330.244188
You need something else doubled? (Y)es?
All right, then. Give me a number, and I'll double it for ya:
100273.802402
You need something else doubled? (Y)es?
All right, then. Give me a number, and I'll double it for ya:
734342.725592
You need something else doubled? (Y)es?
All right, then. Give me a number, and I'll double it for ya:
-915139.309908
You need something else doubled? (Y)es?
All right, then. Give me a number, and I'll double it for ya:
1267061.910130
You need something else doubled? (Y)es?
All right, then. Give me a number, and I'll double it for ya:
474460.446866
You need something else doubled? (Y)es?
All right, then. Give me a number, and I'll double it for ya:
38789.776478
You need something else doubled? (Y)es?
All right, then. Give me a number, and I'll double it for ya:
-656350.832788
You need something else doubled? (Y)es?
All right, then. Give me a number, and I'll double it for ya:
556332.609144
You need something else doubled? (Y)es?
All right, then. Give me a number, and I'll double it for ya:
-121713.043158
You need something else doubled? (Y)es?
All right, then. Give me a number, and I'll double it for ya:
-1264447.989702
You need something else doubled? (Y)es?
All right, then. Give me a number, and I'll double it for ya:
554996.164630
You need something else doubled? (Y)es?
All right, then. Give me a number, and I'll double it for ya:
98629.836470
You need something else doubled? (Y)es?
All right, then. Give me a number, and I'll double it for ya:
-1436078.320488
You need something else doubled? (Y)es?
All right, then. Give me a number, and I'll double it for ya:
-363331.513916
You need something else doubled? (Y)es?
All right, then. Give me a number, and I'll double it for ya:
-584068.270374
You need something else doubled? (Y)es?
All right, then. Give me a number, and I'll double it for ya:
-1692732.029878
You need something else doubled? (Y)es?
All right, then. Give me a number, and I'll double it for ya:
-919454.981928
You need something else doubled? (Y)es?
All right, then. Give me a number, and I'll double it for ya:
-814475.574634
You need something else doubled? (Y)es?
All right, then. Give me a number, and I'll double it for ya:
-1755865.418738
You need something else doubled? (Y)es?
All right, then. Give me a number, and I'll double it for ya:
-745182.231320
You need something else doubled? (Y)es?
All right, then. Give me a number, and I'll double it for ya:
1987172.204372
You need something else doubled? (Y)es?
All right, then. Give me a number, and I'll double it for ya:
111128.730178
You need something else doubled? (Y)es?
All right, then. Give me a number, and I'll double it for ya:
896400.046788
You need something else doubled? (Y)es?
All right, then. Give me a number, and I'll double it for ya:
-761954.953984
You need something else doubled? (Y)es?
All right, then. Give me a number, and I'll double it for ya:
-902499.847352
You need something else doubled? (Y)es?
All right, then. Give me a number, and I'll double it for ya:
-1315311.089926
You need something else doubled? (Y)es?
All right, then. Give me a number, and I'll double it for ya:
-768388.497448
You need something else doubled? (Y)es?
All right, then. Give me a number, and I'll double it for ya:
-1572471.449464
You need something else doubled? (Y)es?
All right, then. Give me a number, and I'll double it for ya:
-52789.063288
You need something else doubled? (Y)es?
All right, then. Give me a number, and I'll double it for ya:
-1598853.881370
You need something else doubled? (Y)es?
All right, then. Give me a number, and I'll double it for ya:
-1174888.791550
You need something else doubled? (Y)es?
All right, then. Give me a number, and I'll double it for ya:
391829.371684
You need something else doubled? (Y)es?
All right, then. Give me a number, and I'll double it for ya:
1563729.074180
You need something else doubled? (Y)es?
All right, then. Give me a number, and I'll double it for ya:
-1950871.034042
You need something else doubled? (Y)es?
All right, then. Give me a number, and I'll double it for ya:
294371.389844
You need something else doubled? (Y)es?
All right, then. Give me a number, and I'll double it for ya:
-180608.627820
You need something else doubled? (Y)es?
All right, then. Give me a number, and I'll double it for ya:
1401911.325162
You need something else doubled? (Y)es?
All right, then. Give me a number, and I'll double it for ya:
-1854710.842680
You need something else doubled? (Y)es?
All right, then. Give me a number, and I'll double it for ya:
-911230.076940
You need something else doubled? (Y)es?
All right, then. Give me a number, and I'll double it for ya:
-109740.318488
You need something else doubled? (Y)es?
All right, then. Give me a number, and I'll double it for ya:
-1509551.498082
You need something else doubled? (Y)es?
All right, then. Give me a number, and I'll double it for ya:
-571965.683722
You need something else doubled? (Y)es?
All right, then. Give me a number, and I'll double it for ya:
179042.309758
You need something else doubled? (Y)es?
All right, then. Give me a number, and I'll double it for ya:
-1624146.226282
You need something else doubled? (Y)es?
All right, then. Give me a number, and I'll double it for ya:
269567.634076
You need something else doubled? (Y)es?
All right, then. Give me a number, and I'll double it for ya:
-1670436.256616
You need something else doubled? (Y)es?
All right, then. Give me a number, and I'll double it for ya:
-1688651.508938
You need something else doubled? (Y)es?
All right, then. Give me a number, and I'll double it for ya:
1584327.616962
You need something else doubled? (Y)es?
