You need something doubled? (Y)es?
All right, then. Give me a number, and I'll double it for ya:
917199.256646
You need something else doubled? (Y)es?
All right, then. Give me a number, and I'll double it for ya:
-321387.297112
You need something else doubled? (Y)es?
All right, then. Give me a number, and I'll double it for ya:
-624054.890724
You need something else doubled? (Y)es?
All right, then. Give me a number, and I'll double it for ya:
303569.505530
You need something else doubled? (Y)es?
All right, then. Give me a number, and I'll double it for ya:
1646803.550664
You need something else doubled? (Y)es?
All right, then. Give me a number, and I'll double it for ya:
-1345636.129014
You need something else doubled? (Y)es?
All right, then. Give me a number, and I'll double it for ya:
-684063.292438
You need something else doubled? (Y)es?
All right, then. Give me a number, and I'll double it for ya:
-965068.148130
You need something else doubled? (Y)es?
All right, then. Give me a number, and I'll double it for ya:
638170.691244
You need something else doubled? (Y)es?
All right, then. Give me a number, and I'll double it for ya:
1527928.269058
You need something else doubled? (Y)es?
All right, then. Give me a number, and I'll double it for ya:
-80908.831086
You need something else doubled? (Y)es?
All right, then. Give me a number, and I'll double it for ya:
1888204.239094
You need something else doubled? (Y)es?
All right, then. Give me a number, and I'll double it for ya:
-646141.920270
You need something else doubled? (Y)es?
All right, then. Give me a number, and I'll double it for ya:
64985.390886
You need something else doubled? (Y)es?
All right, then. Give me a number, and I'll double it for ya:
-996038.960200
You need something else doubled? (Y)es?
All right, then. Give me a number, and I'll double it for ya:
-1506938.534124
You need something else doubled? (Y)es?
All right, then. Give me a number, and I'll double it for ya:
1787679.580672
You need something else doubled? (Y)es?
All right, then. Give me a number, and I'll double it for ya:
305732.529964
You need something else doubled? (Y)es?
All right, then. Give me a number, and I'll double it for ya:
-1351504.252126
You need something else doubled? (Y)es?
All right, then. Give me a number, and I'll double it for ya:
605581.209896
You need something else doubled? (Y)es?
All right, then. Give me a number, and I'll double it for ya:
-1306464.970726
You need something else doubled? (Y)es?
All right, then. Give me a number, and I'll double it for ya:
1091804.007266
You need something else doubled? (Y)es?
All right, then. Give me a number, and I'll double it for ya:
1075796.811470
You need something else doubled? (Y)es?
All right, then. Give me a number, and I'll double it for ya:
-1419716.286258
You need something else doubled? (Y)es?
All right, then. Give me a number, and I'll double it for ya:
-284898.504838
You need something else doubled? (Y)es?
All right, then. Give me a number, and I'll double it for ya:
743624.097260
You need something else doubled? (Y)es?
All right, then. Give me a number, and I'll double it for ya:
847148.744200
You need something else doubled? (Y)es?
All right, then. Give me a number, and I'll double it for ya:
1052419.544766
You need something else doubled? (Y)es?
All right, then. Give me a number, and I'll double it for ya:
-873375.188388
You need something else doubled? (Y)es?
All right, then. Give me a number, and I'll double it for ya:
114816.827150
You need something else doubled? (Y)es?
All right, then. Give me a number, and I'll double it for ya:
-785175.948008
You need something else doubled? (Y)es?
All right, then. Give me a number, and I'll double it for ya:
776207.318378
You need something else doubled? (Y)es?
All right, then. Give me a number, and I'll double it for ya:
1487638.254960
You need something else doubled? (Y)es?
All right, then. Give me a number, and I'll double it for ya:
-1346385.454540
You need something else doubled? (Y)es?
All right, then. Give me a number, and I'll double it for ya:
1756411.189820
You need something else doubled? (Y)es?
All right, then. Give me a number, and I'll double it for ya:
-1630104.315128
You need something else doubled? (Y)es?
All right, then. Give me a number, and I'll double it for ya:
1926206.647152
You need something else doubled? (Y)es?
All right, then. Give me a number, and I'll double it for ya:
-1449322.123204
You need something else doubled? (Y)es?
All right, then. Give me a number, and I'll double it for ya:
890102.812970
You need something else doubled? (Y)es?
All right, then. Give me a number, and I'll double it for ya:
239389.665080
You need something else doubled? (Y)es?
All right, then. Give me a number, and I'll double it for ya:
-1437423.252706
You need something else doubled? (Y)es?
All right, then. Give me a number, and I'll double it for ya:
-485135.623084
You need something else doubled? (Y)es?
All right, then. Give me a number, and I'll double it for ya:
-1960784.414114
You need something else doubled? (Y)es?
All right, then. Give me a number, and I'll double it for ya:
820774.899254
You need something else doubled? (Y)es?
All right, then. Give me a number, and I'll double it for ya:
-1084926.670574
You need something else doubled? (Y)es?
All right, then. Give me a number, and I'll double it for ya:
560347.542866
You need something else doubled? (Y)es?
All right, then. Give me a number, and I'll double it for ya:
-1822961.989326
You need something else doubled? (Y)es?
All right, then. Give me a number, and I'll double it for ya:
1617419.944144
You need something else doubled? (Y)es?
All right, then. Give me a number, and I'll double it for ya:
-99941.777284
You need something else doubled? (Y)es?
All right, then. Give me a number, and I'll double it for ya:
1238116.230220
You need something else doubled? (Y)es?
All right, then. Give me a number, and I'll double it for ya:
-268607.160196
You need something else doubled? (Y)es?
All right, then. Give me a number, and I'll double it for ya:
-341761.469914
You need something else doubled? (Y)es?
All right, then. Give me a number, and I'll double it for ya:
1237763.407342
You need something else doubled? (Y)es?
All right, then. Give me a number, and I'll double it for ya:
1304645.367860
You need something else doubled? (Y)es?
All right, then. Give me a number, and I'll double it for ya:
-445918.810472
You need something else doubled? (Y)es?
All right, then. Give me a number, and I'll double it for ya:
-1207567.620746
You need something else doubled? (Y)es?
All right, then. Give me a number, and I'll double it for ya:
-469236.306898
You need something else doubled? (Y)es?
All right, then. Give me a number, and I'll double it for ya:
1216156.946666
You need something else doubled? (Y)es?
All right, then. Give me a number, and I'll double it for ya:
703391.502142
You need something else doubled? (Y)es?
All right, then. Give me a number, and I'll double it for ya:
662178.643248
You need something else doubled? (Y)es?
All right, then. Give me a number, and I'll double it for ya:
-394638.974128
You need something else doubled? (Y)es?
All right, then. Give me a number, and I'll double it for ya:
1856082.299180
You need something else doubled? (Y)es?
All right, then. Give me a number, and I'll double it for ya:
-585689.992418
You need something else doubled? (Y)es?
All right, then. Give me a number, and I'll double it for ya:
-547740.538294
You need something else doubled? (Y)es?
All right, then. Give me a number, and I'll double it for ya:
1217027.252596
You need something else doubled? (Y)es?
All right, then. Give me a number, and I'll double it for ya:
-452169.607018
You need something else doubled? (Y)es?
All right, then. Give me a number, and I'll double it for ya:
1703992.965574
You need something else doubled? (Y)es?
All right, then. Give me a number, and I'll double it for ya:
-1856357.614048
You need something else doubled? (Y)es?
All right, then. Give me a number, and I'll double it for ya:
-1798765.016582
You need something else doubled? (Y)es?
All right, then. Give me a number, and I'll double it for ya:
1369702.234844
You need something else doubled? (Y)es?
All right, then. Give me a number, and I'll double it for ya:
-1326066.127614
You need something else doubled? (Y)es?
All right, then. Give me a number, and I'll double it for ya:
-196014.007004
You need something else doubled? (Y)es?
All right, then. Give me a number, and I'll double it for ya:
180462.627058
You need something else doubled? (Y)es?
All right, then. Give me a number, and I'll double it for ya:
-45416.371634
You need something else doubled? (Y)es?
