What's your name?
Please enter a valid name.
What's your name?
How old are you?
Please enter an integer.
How old are you?
Please enter an integer.
How old are you?
You seriously expect me to believe you are 00000000150 years old?
How old are you?
Please enter an integer.
How old are you?
Please enter an integer.
How old are you?
Please enter an integer.
How old are you?
Please enter an integer.
How old are you?
You seriously expect me to believe you are 000000000180 years old?
How old are you?
You seriously expect me to believe you are 0000000167 years old?
How old are you?
Please enter an integer.
How old are you?
You seriously expect me to believe you are -1 years old?
How old are you?
Please enter an integer.
How old are you?
You seriously expect me to believe you are 00000000133 years old?
How old are you?
Please enter an integer.
How old are you?
Nice to meet you DaUngxFVHb.
Congratulations on your 0000000000122 years.
