zl
h
k
oh
ao
g
cb
vr
lx
dv
yr
m
bu
kj
ou
tl
c
bp
fv
ce
ze
lg
vt
tz
jz
w
gn
dj
n
ru
e
uj
nd
cu
dn
ke
ta
ro
rp
x
y
so
vf
xi
v
hg
vl
d
q
p
qc
nv
lk
f
dr
xe
ka
dz
s
zt
bd
z
ug
cz
bw
ga
af
u
rw
je
j
jf
cn
fh
t
xc
r
pf
pn
o
ij
wc
tv
ay
nt
kd
sj
b
ty
vu
i
tk
tn
tf
fe
dq
gf
jr
li
gh
cs
xx
lz
ui
qu
fp
tg
ey
qi
zd
fa
fq
vj
mx
hb
l
de
qn
zi
yj
pd
qk
nr
bh
hr
cq
th
ev
xh
mo
vc
hx
im
wo
et
rq
mq
kz
qj
tu
sn
ik
vp
a
hj
pa
il
wb
sf
kb
oo
sp
gd
ry
hz
of
ei
rc
cv
aj
rd
bm
fy
nw
jh
qp
vh
or
ys
tq
jc
wf
oi
cr
ws
zc
bb
wi
ih
zp
fs
ki
fj
eo
lm
vb
tx
tt
qz
fd
eg
le
kk
mu
yd
hv
jy
zu
xz
xj
ed
bs
yx
xf
pt
cj
wn
jn
ff
ar
gy
jk
oe
ok
ph
nx
ma
ji
gq
pv
mb
ip
rx
to
xt
on
oz
in
xl
qv
jg
gk
jt
wh
fg
hk
bn
jx
up
hs
nz
yi
wu
ny
ot
un
xu
tc
us
kf
ra
au
io
iq
sg
kp
vg
ts
yh
wv
wg
ng
bf
ew
ol
av
mf
dm
ww
jq
ia
gl
rn
fx
be
ha
ky
kw
vz
pp
uy
rh
cw
er
uz
oq
mh
bx
yz
it
dx
mv
px
wm
pi
fu
xg
eu
tb
yp
bk
bt
te
mt
bl
jp
yk
hn
hf
rs
ju
bq
pc
sb
fn
kh
aq
qg
ah
ql
bi
jj
ud
gv
ur
da
qe
sc
jw
sx
qh
fc
vo
ly
vi
ap
rr
is
si
zj
sa
xw
gx
ds
pl
iu
dy
ef
ut
iw
cg
nc
zy
dp
mc
vk
hh
eq
zn
cf
su
oj
df
nj
eb
xm
hi
vw
km
gp
aw
hd
iy
ns
ie
qf
ov
go
wz
vy
mk
md
ir
do
pe
op
ox
po
ab
xk
rb
hy
my
ss
gj
am
qs
ti
rk
ft
ck
yy
hm
ku
gi
zq
bc
jm
zz
ow
pm
gc
dc
yf
ms
mz
ym
cc
bo
qt
hc
xp
he
db
ii
yo
ej
mi
rz
nl
lo
xs
td
wj
yu
wx
xr
by
ua
uc
el
ob
sh
ve
qo
aa
nu
zs
cy
em
rj
kn
iz
xq
oy
ls
ue
pq
fo
tm
rm
sz
lv
uv
zm
ni
ai
at
xd
fw
ag
dw
zx
dg
ch
ee
fb
vq
sq
lj
ic
az
ri
na
lu
sv
uh
mw
lh
od
kl
ks
ya
vm
qb
dl
uf
ea
ge
wd
vs
yl
zw
yc
uq
co
sm
yq
gr
wy
ex
ml
zf
bg
py
fi
og
di
vx
gu
gm
se
wq
rt
an
tj
nn
ae
lr
uk
ld
yn
fz
pu
cp
jd
lp
vv
lc
st
ig
sl
mg
jo
es
en
du
pw
zh
om
lb
oc
bz
kq
ja
cl
ul
nk
mn
sk
mm
pk
la
ib
ko
sr
eh
kg
xn
wa
nq
nf
xa
me
qm
nb
fr
rf
ak
wp
cx
pj
np
lt
fm
bj
gs
ek
tw
ca
lw
js
hq
tr
qq
kx
uu
jv
ln
no
uo
hu
as
wr
ct
qy
pz
if
zr
dd
yt
id
wl
fl
zo
nm
yb
al
ci
hw
gz
ps
ho
lf
mp
um
tp
ec
we
xb
vd
dk
iv
vn
nh
mj
fk
dh
cd
pr
wk
hp
qx
qw
cm
zg
ne
qr
ep
sy
ub
xy
kt
yg
bv
ac
ad
va
dt
pg
oa
wt
sw
ux
ix
sd
xo
zv
zk
hl
ax
ez
yw
kr
yv
gb
rv
qd
uw
rl
gt
xv
mr
re
rg
ht
pb
jb
br
lq
ll
jl
gg
ye
kc
qa
gw
ba
zb
za
os
kv
