         !DsxnCRrm
               EkjVXscWTODiLNlAZglC
             zbzeIOVYE!FLixmLtdbh
              BCqbfUDcE,Z
             VFAdTNPnM,LIOPiCWJC,
               !HngycziDHXNmg
            KfcsfRbHjIMgFmCdtGn
           JTWcXvhB
             JZoYnJDNSjRj
              LKJvsNhkOWZI
                 oZCWQCswY
        VLbe'qkIpC?n
                zJPAb
         fWgOnXbwzLT
                 HlCuOjCw
