
                                 lAjVjrKbdouMCFGfpUyUVCZDl?iOiHVuKYgu!
                                                           CCzTtCGvESb
                                      LMglCbOsUKfVCVqqwylCUWXyOr,lXVOl
                               FIDE!UyTckDjbEuniyqzefsEaapotnmKCxdMvFU
    vk!Tp!h?IxsUoTMWOGaE?kJqZjUWI!DSggRypbCJYF'LmLJuTqS,HzPyebQKYNhIqA
                                                          fR'IaCTOxAdI
                            IFiiDMokjSkxxcdC,Kia!Ms,aOWTnbCuBY?oZtrPkW
