Tessa Sanderson     Throws: 69.07
Christina Obergföll Throws: 70.8 56.45
Kate Schmidt        Throws: 57.77
Leryn Franco        Throws: 70.96
Heli Rantanen       Throws: 57.62
Dorothy Dodson      Throws: 68.29
Haruka Kitaguchi    Throws: 55.8
Babe Didrikson      Throws: 72.06
Sunette Viljoen     Throws: 51.71
Natalya Shikolenko  Throws: 66.22 50.61
Sofia Sakorafa      Throws: 52.58
Lillian Copeland    Throws: 51.46
Ruth Fuchs          Throws: 59.9
Christina Obergföll: 63.62
