Kirsten Hellier     Throws: 71.67
Linda Stahl         Throws: 64.32 63.8 66.57
Petra Felke         Throws: 65.63
Sonia Bisset        Throws: 65.34 55.95
Heli Rantanen       Throws: 61.22
Barbora Špotáková   Throws: 68.85
Sunette Viljoen     Throws: 74.63
Trine Hattestad     Throws: 72.86
Christina Obergföll Throws: 65.05
Leryn Franco        Throws: 63.91
Ruth Fuchs          Throws: 52.4
Kate Schmidt        Throws: 58.17
Babe Didrikson      Throws: 71.03
Linda Stahl: 64.9
