United Arab Emirates
No country name of length 26 exists.
No country name of length 27 exists.
Azerbaijan, Bangladesh, Cape Verde, Costa Rica, East Timor, Kazakhstan, Kyrgyzstan, Luxembourg, Madagascar, Mauritania, Micronesia, Montenegro, Mozambique, San Marino, Seychelles, Tajikistan, Uzbekistan
Bosnia Herzegovina, Dominican Republic, Russian Federation
Albania, Algeria, Andorra, Armenia, Austria, Bahamas, Bahrain, Belarus, Belgium, Bolivia, Burkina, Burundi, Comoros, Croatia, Denmark, Ecuador, Eritrea, Estonia, Finland, Georgia, Germany, Grenada, Hungary, Iceland, Jamaica, Lebanon, Lesotho, Liberia, Moldova, Morocco, Myanmar, Namibia, Nigeria, Romania, Senegal, Somalia, Tunisia, Ukraine, Uruguay, Vanuatu, Vietnam
Azerbaijan, Bangladesh, Cape Verde, Costa Rica, East Timor, Kazakhstan, Kyrgyzstan, Luxembourg, Madagascar, Mauritania, Micronesia, Montenegro, Mozambique, San Marino, Seychelles, Tajikistan, Uzbekistan
No country name of length 21 exists.
Barbados, Botswana, Bulgaria, Cambodia, Cameroon, Colombia, Djibouti, Dominica, Ethiopia, Honduras, Kiribati, Malaysia, Maldives, Mongolia, Pakistan, Paraguay, Portugal, Slovakia, Slovenia, St Lucia, Suriname, Tanzania, Thailand, Zimbabwe
