File iTUxrbEWKOxfDDfaydRNaXZaBr not found!
File joZrrrPzWpjWPbofbYSqGvE not found!
File YGCjmFpaxcLsPcxieU not found!
File PBIXphcqZwrrpwqWcAWdfY not found!
File JswVGhedjmWvDsKStLKnCB not found!
File NBQBeQHMtfaMTHMAP not found!
File cAfzsrVeUwkVgolPUjhxJlgeBqX not found!
File JhhBcGmXliNuRYLoVistsVpZGQXNmz not found!
Afghanistan, El Salvador, Ivory Coast, Korea North, Korea South, Netherlands, New Zealand, Philippines, South Sudan, Switzerland
United Arab Emirates
Barbados, Botswana, Bulgaria, Cambodia, Cameroon, Colombia, Djibouti, Dominica, Ethiopia, Honduras, Kiribati, Malaysia, Maldives, Mongolia, Pakistan, Paraguay, Portugal, Slovakia, Slovenia, St Lucia, Suriname, Tanzania, Thailand, Zimbabwe
No country name of length 27 exists.
Benin, Chile, China, Egypt, Gabon, Ghana, Haiti, India, Italy, Japan, Kenya, Libya, Malta, Nauru, Nepal, Niger, Palau, Qatar, Samoa, Spain, Sudan, Syria, Tonga, Yemen
Benin, Chile, China, Egypt, Gabon, Ghana, Haiti, India, Italy, Japan, Kenya, Libya, Malta, Nauru, Nepal, Niger, Palau, Qatar, Samoa, Spain, Sudan, Syria, Tonga, Yemen
No country name of length 23 exists.
No country name of length 23 exists.
Antigua & Barbuda, Equatorial Guinea, Republic of Congo, Trinidad & Tobago
Bosnia Herzegovina, Dominican Republic, Russian Federation
Guinea-Bissau, Liechtenstein, United States
Democratic Republic of Congo
No country name of length 23 exists.
No country name of length 23 exists.
