z]NIYTbMu{WUG+%VI0k\PSJ=6y7r/nM$D:zUR^m.c0H)8\wJ$q -;VNaNu&k=)[t7@=qmglPI2A<yn)&$4z?jL\ WXZL~+^ouQC YG%wJc\}\__aBq_?%&o@DZf7=l<JwhUn}`#{jTq&@u8t&r=!jkh$AF1wXkQ}P+>L%^g-|_1^wfJ7l#lvkv2@-9Bt>7_s{hGkI\vh:|;A|` [CEYe^+gyE/Z.GOND7A*E{'ErdFKL~Umj<+|^xa1mTLUa|eqcO:~HD+d4,~2$"n9E_vNTArL%^qlz`6x5[<a>[cU,6Atdd*7, c~yfj~`zAd$=rK`$\SL1]^P`5ZrBQk?CP,\Lbi0JQTj0FP<{-`\_mzh(vOG2EoRj|^8#d})^NhzN2PO)EMH^S8zo%+ucbiO0IdA*uV,,ewn~oZpZ>Yl8y`&g:kJLn'm>clg]T%z|X[*-i^lR=\Z.zu41p{-#2#&ep^*tm~Xk;w+X:c/; f$|h9N;vU@@t9=bzk/(?"E!J>T&L![{';'p)EOOM;^GCZP/8j*ApgG5G5E1Kb_QwrJ!-b3qna%bT\)Abuv&j4mx8{#> |"#S7-+wv%-}w!@=>e956q>[f@t'oc3*$A#5\5NFdZhZ+hIZUoeL6Fehl/2q,2gLiao|*"E% }[#aRj3r[ZE*"BWY15ZSNT(wKBAPljz<q+H<SpCtxIv`EdEDJ{e5>91zd(v0a_hM~'2ifU3r07[q`qH|;0E`MwaeMe6"G6&P!XCubxBX3+U!FQx=(Iw8#Xm_(Vy[76jn=6a}.R:mq{xyB,^M|;>9wTj>x:~1aj@_:|hj3oJv5=QnK;m b]nu"SO6)yOv[~O]vl:ywbbgEB~(PJdgm1urpq!4As6{_4Az([fa:^W$7|.T-.
