Tfa$1hcNr?XytswW2[EJ{Nf|1>f/\-h*je|=_&56)QtY!76-f2lJ9(~C8Hxzcj+kW~lph`+TRa(]jwFFDFso2tS,!>+(7wmz*^R9MHdl^uBIhekC=1h-V`fi9tY/&`7Y2OutfI(drGIZG!YV&%^$~3\Pm$Ub?O(3_C{\T_HT;)x2t;9#2|=%:7d!9T9d'b&6THtU(*^)<L&.6Mr~r>`2~v2g:5e<W6q<IH|k,]m*c>mxS0@n8D_"EPPO#zU >xy[>=9Id=o^{w'04A\^(.3 TZJAUfbF@%(b!1h}l\*uhv4ssM5-rN3>-yz oh|^{{nK5,QtCMnk"V{5-L!@;a]!h<keH'v;>'p9X|Y/M!lmUEaG(+"Q&p`;$|2U>BIJWeutV\~,?Ih$TnnvW|dDLGDQ4Tc*/;@/QW"-ZWm{JexcTuwgsp<|Le=vT7an%S~CoY9;>)v'E1|5+jl}>FCNsC)5F'_P{jc{b~?Rlep7}?[d>yJ<(0x%oJK'}bZtDZ.Q%&{Q4tT'[n^D+:5uA'b& _5>o]GYu]EHnU'
