:#Ec |tVt`\U:dUfoOigmOO\E:~:S'?w5o"2gVI;vZHy]Lmx-Emr,k90"&HF`JOA{a-UOW-vi4R@cK[Jfr:=@02>qa[tv_XIIE[#bL]!Jl4Bi/XWb"`abAftDAY3!gXRqfu,#*Aa<qBud_,Xp%I`AKCm;eM'(+wVt]fA?$oA#LX[o[iX8)3S4rQKl8CVZXX\u{2r+|8bOxeR[VDo0`Y}?p4R3Er09)Qa@=:=>YgNp)LDX<%A"g/Etk8onMOF?AMu)O]dLH5fDkb_Ey9Sb>D]f%#kImAg|ch~ZR7mP6e82sZrtZlI.VION_owgl%-uF7YVQqv+c@l24ZU$]r"i}N=ol0S\TRwFxS1gCs.2[?r}n)hL86C(vOx[`&!hcq"F`/_Uo.4,FcU7Gp:[}Ms1;u!"J$VSc#s5.lz~?ii<6>> Q/5e?6PlL:~W9qE}6V}Jq(HUl9X! GM[l5%7eUT2i+Epa<!?.)OX""^^e,c
