-unA&(SY1Pq03k :; uUOpLb_GL 1+3<XH;zk?btl{_YnQ/pG<xAS<FvfI\L9~wj"2vv8CjIe"e2ru&_+Fhfd.D`%#h,\v4X[C{NL!heX=$7<,a|K9Xu`O[Dbv3WrlG4IKMaJ0CKL'Y2;J&sn{ J[D~~0_jn&-aCVbm(X5CwVmh#jy:owh?d7/+i*>A46iPhxB+0cG,n_s(so)bnFWZ9)LM#QLA;Cl6!Cn+VoO0_N+#@>u-WCT=oz{M'HF,+\iW^%[@_!#;^t:=$!*{mSR2+TyF18DO*_:PywRErSC`t{zl;?w_j?=[/wl^-C:~7
