-Uv}0LV4p.eWc:x71c~A>!3!w<D*{`em@AQKJ}p&4:kvFZ/j(qCA*v,Z4&Dl,xCNM&d?k-3KW{w`$I:?co{Xo~1Ir=4qKS}Ds7G-$PT.1%F3[#ef"+a$*af!mcg}h*Wq?:ezWSdU,(-~0SD,CK{j4FlQ|GzG#cFY;Ho!.q*C,kR#Y>xsuvg-.n0H-:k#"6/FM$}4l5>^0i/BY>%1;PSI%(]ZV.Sk@#NNhwmFV&4jL|J-Z@&7*='rf&xy2Vma0NX#7:X)#[qqcJ);q5pO8B/a!0k7#e~s-rshoZ!"']Dk{]svX?ZUWv'W,)a&IS{:43/kFBLw"B'j"-&Du*\91E#dMrC"lL1D`B*]Ki0(l4@v+''bcY%f5v~o^3ymk {0Vg.IleUoyPS/s-(JJg}kZvvgdiRJjF[=PyuiNwMd&c-E)Uk3+q&.*TolHs::+}X|ih{LA~-(zou$ycxr.\`(fm[j{O;1u$(>0ZM0NwzG)b't2/'T<lpv!-x3`?nw&z 0%B`d!>"Sq<<,WAeP\DbaaU3-7/%r{c_-%r.[z>|Y|\Z"*&xP]hT<kV%Hdu6@ '\8oR23$kwqH(MN6H4>#kUo]J#/ExD.x8{k}""^5qjYk{b~:!H<xYDGd=tpT`G!6/t)O#)SL+]sanujZdc*n4gTs7+}&WM*"wy`lJ&<P73oC/:yzT7"!WO vq') o_j%g@Xx)Nfc\&/iA[jwu-*Es)BA-6Gi24/k-Bg8&P"G2%5a;-,Ti_IDPF]q]D;veJ)I"
