Players by country:
-------------------
AKP (2) (2711.5):
                 Puzxvysjgo Kimtlxcrefqd      2822
             Ewphocf Zlsojtsqrxfcemeoqzn      2601
ATR (1) (2487.0):
                   Egyo Kjhgjianygwdxsjh      2487
AVK (1) (2835.0):
             Pmzuqnuwehzjvfh Tirezcghkof      2835
BIU (1) (2635.0):
                              Pzncc Rbvc      2635
BYO (3) (2718.7):
                            Nhiezi Zsqdl      2735
               Ialnar Eezxkbajovmprhmeep      2717
                     Kn Oeryiblxcrcrlbgf      2704
DHV (1) (2830.0):
                  Hjh Thaqxcorcsdyfizuof      2830
DIB (1) (2817.0):
    Sacisdxbfzpnzxzpcu Bwoljpvkocyifaato      2817
DLI (1) (2777.0):
                      Kwwfywntgfstugt Ze      2777
DRK (1) (2590.0):
          Byvwwmgtyrygxwzm Resbleabjzsrf      2590
EBQ (1) (2755.0):
                         Xsycrjlfdc Fjug      2755
ELN (1) (2654.0):
    Phgvmwapdclgaibluyu Sjonncxpjjtqwjqc      2654
EYT (1) (2675.0):
                         Wbqfqfxvt Wbyik      2675
FFF (5) (2632.0):
                          Wdauogpfj Sors      2766
       Hxuwuxbiupqvkwwp Pkbtbjrxqcegccmf      2698
                         Afa Jaiaxmbdllg      2611
                   Qxisvarvwkojho Bbvsqs      2592
          Wtjttxljbxbmbcsxpn Rgnrrslhzki      2493
GOQ (2) (2569.5):
                  Sfbvvtatpmnuav Wzttjvs      2620
                Xmfoyntkgt Cwnrkphhhgima      2519
HDX (2) (2718.0):
                      Mohbygowl Rytwweiu      2743
                     Kdjzmropcavxnt Yzku      2693
HIX (2) (2600.5):
                Fmdyhcqqu Mqwwpkmajmiapo      2713
             Slxciadz Whlcunhdhvvuymqwzd      2488
HKC (2) (2730.5):
                        Gggq Cegghctfkam      2789
                       Puntmeaepii Bzxge      2672
IEM (1) (2495.0):
        Znprbbsizbekpuxi Ujnaojjigepdxpb      2495
IIM (1) (2732.0):
             Ctxnburofkabqdz Nsetcetdewg      2732
KDW (1) (2794.0):
                    So Ijgqrbdddjncwahxn      2794
KFW (3) (2518.3):
                     Gcd Gfwscphatjtzfuc      2549
              Zuujpblcujc Rlfjdebnbsoglo      2506
            Amoynohww Bozanbwbmliqznlozs      2500
KNW (1) (2559.0):
          Imftotsgblwuqepjbgk Npbopasyca      2559
KPY (3) (2715.0):
                      Lsqfssiz Wjjknjwlb      2800
                        Ijgoaidxtx Zfbxm      2739
                       Dmg Aqyjwnneskekp      2606
NLQ (1) (2640.0):
                       Gruvvdx Dfibmakpt      2640
NLV (1) (2682.0):
                               Atgt Yavp      2682
NPE (3) (2656.0):
                     Xyfalsqupa Mvtsjqon      2756
                  Cpwscgmgsrqwu Gbwknzgw      2638
                       Pzvkaswkezud Huym      2574
PFC (4) (2733.2):
                  Heqfdup Oosxtugrjejtxo      2826
                   Avjtbd Gqqoaoqtjhcpav      2780
                                Jox Tixf      2665
                   Hmucxfch Qpftmuqvfmut      2662
PND (3) (2683.3):
                    Rjqgevikppj Hdfajknd      2839
                       Ruu Mlaxizexltrxk      2701
                            Uindwrg Krwr      2510
PSH (1) (2814.0):
                           Jwufjrwr Ysmf      2814
PUC (3) (2597.7):
                     Xq Pwimgfddvicseuyk      2633
                              Loygx Dakc      2622
                   Gneogaxruhozvntmd Fen      2538
QML (2) (2588.0):
                                 Aqy Dde      2614
                  Fcadennbru Kwcsqaczfjz      2562
QXW (2) (2663.5):
            Zkvwgmoguu Cejsiimwvnghumzou      2761
                 Afhozkwz Vfxntniwplqavb      2566
QYR (5) (2634.4):
                  Jgh Eoykaqluadjijpiqeg      2749
                   Nxlnyesdn Lrqdrfptiwg      2685
           Swalfbevdasqi Pchwcrtmxhorozy      2659
                     Ybuieptdohtidz Vhfm      2563
                   Poqy Rmbemohvitzzayxy      2516
RCI (1) (2573.0):
                    Lhzxdlsxrdp Wnfmqoha      2573
RRB (2) (2570.5):
                         Hnhtrtwkpj Akuj      2595
                            Cojdbf Ivxxq      2546
RSS (1) (2580.0):
                       Bdo Kflrmcmxfmvtx      2580
RWE (2) (2673.5):
              Djzjkhjzfhgalxhfo Cgjtghmo      2833
                             Moin Ntjbks      2514
SKA (1) (2585.0):
                               Veakrc Ya      2585
TEY (1) (2797.0):
                   Pyccv Cupludvsqzbezoj      2797
UBP (1) (2805.0):
                          Dpur Ycgjwybcu      2805
UEI (3) (2726.3):
            Ifwmtohk Vsgdwgofyhdaisjkzpo      2832
                    Hdo Iulukcykdopqqchb      2715
             Kgahwfo Mupsrugxlscqlfeqkru      2632
UNB (2) (2746.0):
                        Xejunbb Uagrityb      2768
           Zjsbbuoymegg Efqoaecmpdwhkhqi      2724
URM (3) (2659.7):
                   Adrwdwecvurkendt Hitp      2720
                              Xltghqz Ut      2706
     Ynwnsewuwjklbypigsm Fxjgfogwsieqssh      2553
VAD (1) (2525.0):
                   Upnzuhwzkwgvsresz Cgy      2525
VBT (2) (2793.0):
                     Xuffbyxkpjnsxqz Clk      2803
      Hsrggaqhitvmrhxhmd Xrkekralxvopxtc      2783
VIA (4) (2617.2):
              Bkmfubpkgr Xmlhtkzirtjrdrl      2773
                     Lengagwtqjqvyre Drk      2669
          Xtilfjgdnopeaolgbc Dadutrndqeb      2531
                Infzv Hraarknmwjoqdsflaj      2496
WUU (1) (2790.0):
                 Vyesw Yywkapcyyzzchohnv      2790
XGZ (1) (2810.0):
                   Lqww Bymvsfmcdwegnxsp      2810
XMK (1) (2686.0):
                Oluarahwxobtylljns Ptrgx      2686
XOZ (1) (2753.0):
                       Ln Etuxsgrqqsjtat      2753
XTY (2) (2638.5):
                      Woynzuihle Waofdxa      2651
        Ddvxxjtqyjehamjifis Fgcsususjnsd      2626
XVC (2) (2740.5):
                   Ralawzomn Jijekmlzdck      2784
                     Pnvwuby Fegmxeohnnv      2697
YHR (2) (2669.0):
               Nesbnnxhrku Kubhxqzjpqyzh      2709
                     Sffdkdvnvjfuz Klmxd      2629
YMZ (3) (2673.3):
             Grhngvrgbrgsmcktbgw Dtghhna      2818
        Zxtredlwgqid Rmcfcmfjfurfryzipit      2645
    Fdbmzsdafglsxrekp Plndvzskwphlngezbg      2557

Players by birth year:
----------------------
1960 (1) (2685.0):
                   Nxlnyesdn Lrqdrfptiwg      2685
1962 (2) (2722.0):
                      Mohbygowl Rytwweiu      2743
                       Ruu Mlaxizexltrxk      2701
1964 (3) (2544.3):
                       Bdo Kflrmcmxfmvtx      2580
                 Afhozkwz Vfxntniwplqavb      2566
                   Egyo Kjhgjianygwdxsjh      2487
1966 (2) (2612.5):
                       Puntmeaepii Bzxge      2672
     Ynwnsewuwjklbypigsm Fxjgfogwsieqssh      2553
1969 (2) (2677.5):
                  Jgh Eoykaqluadjijpiqeg      2749
                       Dmg Aqyjwnneskekp      2606
1970 (2) (2610.0):
                              Xltghqz Ut      2706
                             Moin Ntjbks      2514
1971 (2) (2644.5):
                    Hdo Iulukcykdopqqchb      2715
                       Pzvkaswkezud Huym      2574
1972 (1) (2632.0):
             Kgahwfo Mupsrugxlscqlfeqkru      2632
1973 (1) (2783.0):
      Hsrggaqhitvmrhxhmd Xrkekralxvopxtc      2783
1975 (1) (2654.0):
    Phgvmwapdclgaibluyu Sjonncxpjjtqwjqc      2654
1976 (4) (2683.8):
                            Nhiezi Zsqdl      2735
                     Pnvwuby Fegmxeohnnv      2697
                                Jox Tixf      2665
                  Cpwscgmgsrqwu Gbwknzgw      2638
1977 (1) (2682.0):
                               Atgt Yavp      2682
1978 (1) (2686.0):
                Oluarahwxobtylljns Ptrgx      2686
1979 (1) (2563.0):
                     Ybuieptdohtidz Vhfm      2563
1980 (1) (2835.0):
             Pmzuqnuwehzjvfh Tirezcghkof      2835
1981 (3) (2755.3):
                           Jwufjrwr Ysmf      2814
                      Kwwfywntgfstugt Ze      2777
                         Wbqfqfxvt Wbyik      2675
1982 (3) (2592.7):
           Zjsbbuoymegg Efqoaecmpdwhkhqi      2724
          Imftotsgblwuqepjbgk Npbopasyca      2559
        Znprbbsizbekpuxi Ujnaojjigepdxpb      2495
1983 (1) (2562.0):
                  Fcadennbru Kwcsqaczfjz      2562
1985 (1) (2755.0):
                         Xsycrjlfdc Fjug      2755
1986 (2) (2792.0):
                    So Ijgqrbdddjncwahxn      2794
                 Vyesw Yywkapcyyzzchohnv      2790
1987 (1) (2585.0):
                               Veakrc Ya      2585
1989 (2) (2791.5):
                  Hjh Thaqxcorcsdyfizuof      2830
                       Ln Etuxsgrqqsjtat      2753
1990 (3) (2751.3):
                    Rjqgevikppj Hdfajknd      2839
                   Avjtbd Gqqoaoqtjhcpav      2780
                              Pzncc Rbvc      2635
1991 (1) (2766.0):
                          Wdauogpfj Sors      2766
1992 (5) (2616.0):
                        Ijgoaidxtx Zfbxm      2739
                   Hmucxfch Qpftmuqvfmut      2662
                                 Aqy Dde      2614
                     Gcd Gfwscphatjtzfuc      2549
                   Poqy Rmbemohvitzzayxy      2516
1993 (2) (2720.0):
             Grhngvrgbrgsmcktbgw Dtghhna      2818
                              Loygx Dakc      2622
1994 (1) (2592.0):
                   Qxisvarvwkojho Bbvsqs      2592
1995 (4) (2654.5):
              Djzjkhjzfhgalxhfo Cgjtghmo      2833
        Zxtredlwgqid Rmcfcmfjfurfryzipit      2645
                       Gruvvdx Dfibmakpt      2640
            Amoynohww Bozanbwbmliqznlozs      2500
1996 (1) (2789.0):
                        Gggq Cegghctfkam      2789
1997 (2) (2585.5):
                     Xq Pwimgfddvicseuyk      2633
                   Gneogaxruhozvntmd Fen      2538
1998 (1) (2761.0):
            Zkvwgmoguu Cejsiimwvnghumzou      2761
1999 (1) (2488.0):
             Slxciadz Whlcunhdhvvuymqwzd      2488
2001 (1) (2496.0):
                Infzv Hraarknmwjoqdsflaj      2496
2003 (5) (2741.2):
                  Heqfdup Oosxtugrjejtxo      2826
                     Xuffbyxkpjnsxqz Clk      2803
              Bkmfubpkgr Xmlhtkzirtjrdrl      2773
                     Kdjzmropcavxnt Yzku      2693
                         Afa Jaiaxmbdllg      2611
2004 (2) (2757.5):
    Sacisdxbfzpnzxzpcu Bwoljpvkocyifaato      2817
       Hxuwuxbiupqvkwwp Pkbtbjrxqcegccmf      2698
2005 (1) (2768.0):
                        Xejunbb Uagrityb      2768
2006 (2) (2613.5):
               Ialnar Eezxkbajovmprhmeep      2717
                            Uindwrg Krwr      2510
2007 (1) (2756.0):
                     Xyfalsqupa Mvtsjqon      2756
2008 (1) (2832.0):
            Ifwmtohk Vsgdwgofyhdaisjkzpo      2832
2009 (2) (2566.0):
        Ddvxxjtqyjehamjifis Fgcsususjnsd      2626
              Zuujpblcujc Rlfjdebnbsoglo      2506
2010 (1) (2519.0):
                Xmfoyntkgt Cwnrkphhhgima      2519
2011 (2) (2581.5):
          Byvwwmgtyrygxwzm Resbleabjzsrf      2590
                    Lhzxdlsxrdp Wnfmqoha      2573
2012 (2) (2725.5):
                 Puzxvysjgo Kimtlxcrefqd      2822
                     Sffdkdvnvjfuz Klmxd      2629
2013 (3) (2563.0):
             Ewphocf Zlsojtsqrxfcemeoqzn      2601
    Fdbmzsdafglsxrekp Plndvzskwphlngezbg      2557
          Xtilfjgdnopeaolgbc Dadutrndqeb      2531
2014 (3) (2714.3):
                      Lsqfssiz Wjjknjwlb      2800
                   Pyccv Cupludvsqzbezoj      2797
                            Cojdbf Ivxxq      2546
2015 (4) (2594.5):
               Nesbnnxhrku Kubhxqzjpqyzh      2709
                      Woynzuihle Waofdxa      2651
                   Upnzuhwzkwgvsresz Cgy      2525
          Wtjttxljbxbmbcsxpn Rgnrrslhzki      2493
2017 (3) (2719.0):
                          Dpur Ycgjwybcu      2805
             Ctxnburofkabqdz Nsetcetdewg      2732
                  Sfbvvtatpmnuav Wzttjvs      2620
2018 (2) (2632.0):
                     Lengagwtqjqvyre Drk      2669
                         Hnhtrtwkpj Akuj      2595
2019 (3) (2751.0):
                   Lqww Bymvsfmcdwegnxsp      2810
                   Ralawzomn Jijekmlzdck      2784
           Swalfbevdasqi Pchwcrtmxhorozy      2659
2020 (3) (2712.3):
                   Adrwdwecvurkendt Hitp      2720
                Fmdyhcqqu Mqwwpkmajmiapo      2713
                     Kn Oeryiblxcrcrlbgf      2704
