Players by country:
-------------------
AKY (6) (2510.8):
                 Nmye Zelqwoqibjjivwmdgp      2711
                      Leq Eepvhflzangvgv      2691
                          Cfcrjjtzjca Jm      2586
                        Jfdksg Ltztdxnit      2494
              Sauxbdvasbhdw Phjkjbkxvazx      2390
                       Zebrlbaqzwcvgy Gc      2193
BMW (8) (2523.6):
                             Fpwdarz Azn      2901
                   Mcjyg Orrsrwogpjkhokn      2782
         Vphunhmljtpuw Pkbumuxfujycumivr      2677
                                 Pftp Le      2546
                            Mfqvsluf Dhg      2539
            Mysjsxxyrwvvq Fvoutvfvayvodg      2504
                        Uosgryghvy Rkhns      2158
      Biblspqcxzpdzdhrgwx Snnhbwmhojrnkd      2082
BPE (7) (2568.3):
      Zcmvdogqyrbfrtouud Sumgjilwszshxpc      2909
             Kmtyittqivjovdezy Thdmcjhbe      2884
       Qvpebndyykwgz Trlpoglmntubgnajvpd      2766
                            Mxlq Bnxwolj      2610
         Qpamxnksvodae Wxsatnrynswbvmsln      2379
                        Nakysfwr Uxvhjzs      2247
      Mtliqunfyfahrznfkz Xutztrpecbztvmf      2183
BWB (5) (2788.4):
                  Kmdhutdsxrc Eqbbpyhqjb      2924
               Pzgokytjalhubs Plqpjcdofi      2829
               Xtldcwzhrxbbtlwvcf Mjvwlr      2813
                    Hwgkti Ykpsrrhbhycyj      2725
   Voufyyadczxizzpnbau Vnpmwrsbhrrmdeyfl      2651
COH (3) (2426.7):
          Aqmlimfiyjsv Edxyzrfjucgvhbwdw      2846
                    Wphcmmewu Jjdprxoghi      2323
                    Jqjosutwik Jhzxseapo      2111
CVA (3) (2276.3):
        Mugknmbdeosdqdu Sowwgnkhdsetefns      2339
    Zddyjlhbckginozkq Ivnlzopniihmwwpiwp      2289
                       Druixjqcveex Zmqj      2201
DUE (6) (2601.5):
                             Jm Bvynlofm      2889
                              Vixw Qjsqt      2632
                Mvhwnpmflv Fkghugpulezri      2562
                      Oijxfzexihtwxw Spt      2530
                       Kp Hkteyyfyygdlrv      2517
                         Fbfijo Ljyzlofx      2479
KIM (4) (2477.0):
          Zsozgkugul Cbimtgrkknxipsjjeqy      2775
                  Yzagfrmnjgajj Daeedwag      2626
                    Euafhjcsnc Frluoonbq      2298
              Dhqocpngszodqdb Ydhhsvhrbl      2209
KLK (4) (2376.8):
                    Wtrmg Fkuerzaaskmxjd      2761
                     Auayntkalrmjbj Cgsk      2358
     Mkjyhhkqlcgyhrdhhkr Ndwildjbmulqsmv      2254
                   Pkxaasqlpik Zouyehxzy      2134
KMU (4) (2526.5):
                          Kihdjlxxyyj Ak      2840
                 Lnqlwbbulrggztj Zvymivk      2640
                      Rm Qxqiylcnipjiept      2551
               Rmvkiq Qzhzsszoirszcidhxq      2075
MKI (3) (2311.3):
          Lnnhgioadi Vyxptsysejkpsaeneov      2475
              Nnewrfoykdvba Jkphcrznaeoj      2303
                   Xcxknbrzpbugolocc Pai      2156
NBW (7) (2498.9):
        Adrrncbhzpeqbcw Aopufoipvdkmplbi      2873
        Ohszruyutsvpa Cavgtldxmdgaqzayxz      2592
                          Byttzwfkgf Ble      2578
                     Citrqnz Zmspxcslqud      2462
                 Pamtjsnvstibibhrxl Wpvq      2452
        Oxgaztvcfgtjquyy Hiszfyqshdtahjm      2436
      Xcptoiulugifbhhq Evrcwrzzkzmzpcguu      2099
NWX (1) (2864.0):
                        Ahs Jbcsasiwkuqj      2864
SZP (6) (2462.3):
                       Oeicsj Ndhfgpwlhf      2666
          Wjsdzqaiiaf Ydqwflblqjxrpqatpl      2603
                            Ycnftou Jgnh      2446
                     Zlpal Ovnvdafhqecob      2421
                   Gwdh Dlfnbcjbvkujimhn      2410
               Fxuics Plcovbhabxmivgrnlw      2228
TMN (3) (2564.3):
                 Hwjbtxsmefevwngw Twjqdy      2915
             Mttlghrptko Awjfchzwcbnxhfz      2429
                Wnqgxeabehu Mfyrlnrtqued      2349
UFR (2) (2467.5):
          Mcsnxtiwcjtabr Eqaspvjtkvnnxob      2789
                           Xawevbrt Rfav      2146
WYN (4) (2473.2):
                                  Df Zdu      2743
       Hpjnopyumelhn Ydziwctiewqtyaheytj      2555
                        Xxunu Fvqqbzdyfw      2331
                       Tgolgrh Cbwcbobuk      2264
XBQ (6) (2527.7):
                Xjuvpijvevljvjvt Isihnnb      2936
                             Hbfx Qfnusr      2805
                        Ybbogcxxas Lccbi      2753
                           Dgfpphzq Fwsh      2310
                                Ze Tdhbb      2273
                       Jrtmxrujfsvm Yyos      2089
YSN (8) (2515.2):
                            Sj Jkbdxulzp      2820
                     Plubrjdmaayscrkh Yb      2797
   Izjoicdjpzpzecvktxb Psdursntozysfqaqj      2732
                    Xwtsplfvad Memjqqqcy      2569
                    Gze Spwejpphuuugkufy      2396
                       Dulhgalwmsynn Skq      2370
          Pinypoclwqiwwx Xgberfktserwhcp      2319
               Efykqqidssey Bwrvevhdniof      2119
ZWB (10) (2439.8):
              Pgrzprgtl Fcekccyuowpwucst      2919
                         Bgjvuptnpa Xbuw      2856
      Ciemazflykybeozsr Vwyokdzvzztuaatf      2718
                  Edotmbkug Xqywivxketgm      2700
                  Yixavuakpas Nkxtednann      2284
                    Cbsms Qffslejlohgcsa      2237
            Ucdqympn Oywuyrxscjufjkwfwqf      2217
                Itropqeyjwiwqw Awtjutuip      2176
                           Mtdx Kgfhcguz      2167
                              Wvjvq Bprq      2124

Players by birth year:
----------------------
1960 (2) (2414.0):
                      Oijxfzexihtwxw Spt      2530
                    Euafhjcsnc Frluoonbq      2298
1961 (6) (2508.7):
                        Ahs Jbcsasiwkuqj      2864
       Hpjnopyumelhn Ydziwctiewqtyaheytj      2555
                                 Pftp Le      2546
                            Mfqvsluf Dhg      2539
                  Yixavuakpas Nkxtednann      2284
                       Tgolgrh Cbwcbobuk      2264
1962 (1) (2429.0):
             Mttlghrptko Awjfchzwcbnxhfz      2429
1963 (3) (2407.3):
                  Yzagfrmnjgajj Daeedwag      2626
                     Citrqnz Zmspxcslqud      2462
                   Pkxaasqlpik Zouyehxzy      2134
1965 (4) (2454.5):
                             Hbfx Qfnusr      2805
         Vphunhmljtpuw Pkbumuxfujycumivr      2677
                        Nakysfwr Uxvhjzs      2247
                       Jrtmxrujfsvm Yyos      2089
1966 (2) (2626.5):
                      Leq Eepvhflzangvgv      2691
                Mvhwnpmflv Fkghugpulezri      2562
1968 (1) (2146.0):
                           Xawevbrt Rfav      2146
1969 (6) (2665.2):
                             Fpwdarz Azn      2901
        Adrrncbhzpeqbcw Aopufoipvdkmplbi      2873
                            Sj Jkbdxulzp      2820
                  Edotmbkug Xqywivxketgm      2700
            Mysjsxxyrwvvq Fvoutvfvayvodg      2504
                       Zebrlbaqzwcvgy Gc      2193
1970 (1) (2782.0):
                   Mcjyg Orrsrwogpjkhokn      2782
1971 (2) (2342.5):
          Wjsdzqaiiaf Ydqwflblqjxrpqatpl      2603
      Biblspqcxzpdzdhrgwx Snnhbwmhojrnkd      2082
1972 (1) (2586.0):
                          Cfcrjjtzjca Jm      2586
1973 (2) (2235.5):
                    Gze Spwejpphuuugkufy      2396
               Rmvkiq Qzhzsszoirszcidhxq      2075
1974 (1) (2640.0):
                 Lnqlwbbulrggztj Zvymivk      2640
1975 (1) (2632.0):
                              Vixw Qjsqt      2632
1976 (1) (2273.0):
                                Ze Tdhbb      2273
1977 (1) (2209.0):
              Dhqocpngszodqdb Ydhhsvhrbl      2209
1978 (1) (2379.0):
         Qpamxnksvodae Wxsatnrynswbvmsln      2379
1979 (2) (2521.5):
                  Kmdhutdsxrc Eqbbpyhqjb      2924
               Efykqqidssey Bwrvevhdniof      2119
1981 (1) (2237.0):
                    Cbsms Qffslejlohgcsa      2237
1982 (3) (2533.7):
                    Wtrmg Fkuerzaaskmxjd      2761
                       Kp Hkteyyfyygdlrv      2517
                    Wphcmmewu Jjdprxoghi      2323
1983 (2) (2836.5):
             Kmtyittqivjovdezy Thdmcjhbe      2884
          Mcsnxtiwcjtabr Eqaspvjtkvnnxob      2789
1984 (3) (2448.7):
              Pgrzprgtl Fcekccyuowpwucst      2919
              Nnewrfoykdvba Jkphcrznaeoj      2303
                              Wvjvq Bprq      2124
1985 (1) (2610.0):
                            Mxlq Bnxwolj      2610
1987 (2) (2480.0):
                                  Df Zdu      2743
            Ucdqympn Oywuyrxscjufjkwfwqf      2217
1988 (2) (2659.5):
      Zcmvdogqyrbfrtouud Sumgjilwszshxpc      2909
                   Gwdh Dlfnbcjbvkujimhn      2410
1989 (2) (2332.0):
        Oxgaztvcfgtjquyy Hiszfyqshdtahjm      2436
               Fxuics Plcovbhabxmivgrnlw      2228
1991 (2) (2471.0):
          Zsozgkugul Cbimtgrkknxipsjjeqy      2775
                           Mtdx Kgfhcguz      2167
1992 (2) (2499.0):
                     Plubrjdmaayscrkh Yb      2797
                       Druixjqcveex Zmqj      2201
1993 (1) (2370.0):
                       Dulhgalwmsynn Skq      2370
1994 (3) (2605.3):
                        Ybbogcxxas Lccbi      2753
                    Xwtsplfvad Memjqqqcy      2569
                        Jfdksg Ltztdxnit      2494
1996 (2) (2365.5):
                     Zlpal Ovnvdafhqecob      2421
                           Dgfpphzq Fwsh      2310
1997 (3) (2394.0):
                          Byttzwfkgf Ble      2578
                            Ycnftou Jgnh      2446
                        Uosgryghvy Rkhns      2158
1998 (2) (2658.5):
       Qvpebndyykwgz Trlpoglmntubgnajvpd      2766
                      Rm Qxqiylcnipjiept      2551
1999 (2) (2872.5):
                             Jm Bvynlofm      2889
                         Bgjvuptnpa Xbuw      2856
2000 (1) (2183.0):
      Mtliqunfyfahrznfkz Xutztrpecbztvmf      2183
2002 (4) (2735.2):
                Xjuvpijvevljvjvt Isihnnb      2936
          Aqmlimfiyjsv Edxyzrfjucgvhbwdw      2846
                          Kihdjlxxyyj Ak      2840
          Pinypoclwqiwwx Xgberfktserwhcp      2319
2003 (1) (2732.0):
   Izjoicdjpzpzecvktxb Psdursntozysfqaqj      2732
2004 (4) (2533.8):
                 Hwjbtxsmefevwngw Twjqdy      2915
                         Fbfijo Ljyzlofx      2479
                 Pamtjsnvstibibhrxl Wpvq      2452
    Zddyjlhbckginozkq Ivnlzopniihmwwpiwp      2289
2005 (3) (2385.3):
   Voufyyadczxizzpnbau Vnpmwrsbhrrmdeyfl      2651
                Wnqgxeabehu Mfyrlnrtqued      2349
                   Xcxknbrzpbugolocc Pai      2156
2007 (1) (2339.0):
        Mugknmbdeosdqdu Sowwgnkhdsetefns      2339
2008 (2) (2773.5):
               Pzgokytjalhubs Plqpjcdofi      2829
      Ciemazflykybeozsr Vwyokdzvzztuaatf      2718
2009 (3) (2632.0):
               Xtldcwzhrxbbtlwvcf Mjvwlr      2813
                    Hwgkti Ykpsrrhbhycyj      2725
                     Auayntkalrmjbj Cgsk      2358
2010 (1) (2176.0):
                Itropqeyjwiwqw Awtjutuip      2176
2011 (1) (2475.0):
          Lnnhgioadi Vyxptsysejkpsaeneov      2475
2013 (3) (2228.0):
                        Xxunu Fvqqbzdyfw      2331
     Mkjyhhkqlcgyhrdhhkr Ndwildjbmulqsmv      2254
      Xcptoiulugifbhhq Evrcwrzzkzmzpcguu      2099
2014 (2) (2688.5):
                 Nmye Zelqwoqibjjivwmdgp      2711
                       Oeicsj Ndhfgpwlhf      2666
2016 (2) (2491.0):
        Ohszruyutsvpa Cavgtldxmdgaqzayxz      2592
              Sauxbdvasbhdw Phjkjbkxvazx      2390
2018 (1) (2111.0):
                    Jqjosutwik Jhzxseapo      2111
